Component: ARM Compiler 5.06 update 4 (build 422) Tool: armlink [4d35d2]

==============================================================================

Section Cross References

    main.o(.text) refers to esp8266.o(.text) for ESP8266_Init
    main.o(.text) refers to delay.o(.text) for delay_ms
    main.o(.text) refers to onenet.o(.text) for OneNet_DevLink
    main.o(.text) refers to oled_i2c.o(.text) for OLED_CLS
    main.o(.text) refers to usart.o(.text) for Usart1_Init
    main.o(.text) refers to key.o(.text) for KEY_Init
    main.o(.text) refers to misc.o(.text) for NVIC_PriorityGroupConfig
    main.o(.text) refers to exti.o(.text) for EXTIX_Init
    main.o(.text) refers to dht11.o(.text) for DHT11_Init
    main.o(.text) refers to adc.o(.text) for Adc_Init
    main.o(.text) refers to bh1750.o(.text) for BH1750_Init
    main.o(.text) refers to led.o(.text) for FAN_Init
    main.o(.text) refers to fflt_clz.o(x$fpl$ffltu) for __aeabi_ui2f
    main.o(.text) refers to f2d.o(x$fpl$f2d) for __aeabi_f2d
    main.o(.text) refers to dmul.o(x$fpl$dmul) for __aeabi_dmul
    main.o(.text) refers to d2f.o(x$fpl$d2f) for __aeabi_d2f
    main.o(.text) refers to ffixu.o(x$fpl$ffixu) for __aeabi_f2uiz
    main.o(.text) refers to timer.o(.text) for Show
    main.o(.text) refers to main.o(.data) for cmd_rev_flag
    main.o(.text) refers to main.o(.bss) for send_data
    system_stm32f10x.o(.text) refers to system_stm32f10x.o(.data) for SystemCoreClock
    led.o(.text) refers to stm32f10x_rcc.o(.text) for RCC_APB2PeriphClockCmd
    led.o(.text) refers to stm32f10x_gpio.o(.text) for GPIO_Init
    led.o(.text) refers to frleqf.o(x$fpl$frleqf) for __aeabi_cfrcmple
    led.o(.text) refers to delay.o(.text) for delay_ms
    led.o(.text) refers to main.o(.bss) for send_data
    oled_i2c.o(.text) refers to stm32f10x_rcc.o(.text) for RCC_APB1PeriphClockCmd
    oled_i2c.o(.text) refers to stm32f10x_gpio.o(.text) for GPIO_Init
    oled_i2c.o(.text) refers to stm32f10x_i2c.o(.text) for I2C_DeInit
    oled_i2c.o(.text) refers to delay.o(.text) for delay_ms
    oled_i2c.o(.text) refers to oled_i2c.o(.constdata) for F6x8
    oled_i2c.o(.text) refers to oled_i2c.o(.data) for F16x16
    dht11.o(.text) refers to delay.o(.text) for delay_ms
    dht11.o(.text) refers to stm32f10x_rcc.o(.text) for RCC_APB2PeriphClockCmd
    dht11.o(.text) refers to stm32f10x_gpio.o(.text) for GPIO_Init
    timer.o(.text) refers to _printf_percent.o(.ARM.Collect$$_printf_percent$$00000000) for _printf_percent
    timer.o(.text) refers to _printf_d.o(.ARM.Collect$$_printf_percent$$00000009) for _printf_d
    timer.o(.text) refers to _printf_dec.o(.text) for _printf_int_dec
    timer.o(.text) refers to _printf_f.o(.ARM.Collect$$_printf_percent$$00000003) for _printf_f
    timer.o(.text) refers to printf1.o(x$fpl$printf1) for _printf_fp_dec
    timer.o(.text) refers to stm32f10x_rcc.o(.text) for RCC_APB1PeriphClockCmd
    timer.o(.text) refers to stm32f10x_tim.o(.text) for TIM_TimeBaseInit
    timer.o(.text) refers to misc.o(.text) for NVIC_Init
    timer.o(.text) refers to oled_i2c.o(.text) for OLED_ShowCN
    timer.o(.text) refers to __2sprintf.o(.text) for __2sprintf
    timer.o(.text) refers to f2d.o(x$fpl$f2d) for __aeabi_f2d
    timer.o(.text) refers to main.o(.bss) for send_data
    timer.o(.text) refers to timer.o(.bss) for oled_buffer
    key.o(.text) refers to stm32f10x_rcc.o(.text) for RCC_APB2PeriphClockCmd
    key.o(.text) refers to stm32f10x_gpio.o(.text) for GPIO_Init
    door_bsp.o(.text) refers to stm32f10x_rcc.o(.text) for RCC_APB2PeriphClockCmd
    door_bsp.o(.text) refers to stm32f10x_gpio.o(.text) for GPIO_Init
    adc.o(.text) refers to stm32f10x_rcc.o(.text) for RCC_APB2PeriphClockCmd
    adc.o(.text) refers to stm32f10x_gpio.o(.text) for GPIO_Init
    adc.o(.text) refers to stm32f10x_adc.o(.text) for ADC_DeInit
    adc.o(.text) refers to delay.o(.text) for delay_ms
    exti.o(.text) refers to stm32f10x_rcc.o(.text) for RCC_APB2PeriphClockCmd
    exti.o(.text) refers to key.o(.text) for KEY_Init
    exti.o(.text) refers to stm32f10x_gpio.o(.text) for GPIO_EXTILineConfig
    exti.o(.text) refers to stm32f10x_exti.o(.text) for EXTI_Init
    exti.o(.text) refers to misc.o(.text) for NVIC_Init
    bh1750.o(.text) refers to stm32f10x_rcc.o(.text) for RCC_APB2PeriphClockCmd
    bh1750.o(.text) refers to stm32f10x_gpio.o(.text) for GPIO_Init
    bh1750.o(.text) refers to fflt_clz.o(x$fpl$ffltu) for __aeabi_ui2f
    bh1750.o(.text) refers to fdiv.o(x$fpl$fdiv) for __aeabi_fdiv
    bh1750.o(.text) refers to fmul.o(x$fpl$fmul) for __aeabi_fmul
    delay.o(.text) refers to misc.o(.text) for SysTick_CLKSourceConfig
    delay.o(.text) refers to system_stm32f10x.o(.data) for SystemCoreClock
    delay.o(.text) refers to delay.o(.data) for fac_us
    usart.o(.text) refers to stm32f10x_rcc.o(.text) for RCC_APB2PeriphClockCmd
    usart.o(.text) refers to stm32f10x_gpio.o(.text) for GPIO_Init
[...]
    OLED_SetPos                              0x080008d3   Thumb Code    40  oled_i2c.o(.text)
    OLED_Fill                                0x080008fb   Thumb Code    58  oled_i2c.o(.text)
    OLED_CLS                                 0x08000935   Thumb Code    10  oled_i2c.o(.text)
    OLED_ON                                  0x0800093f   Thumb Code    22  oled_i2c.o(.text)
    OLED_OFF                                 0x08000955   Thumb Code    22  oled_i2c.o(.text)
    OLED_ShowStr                             0x0800096b   Thumb Code   228  oled_i2c.o(.text)
    OLED_ShowCN                              0x08000a4f   Thumb Code    80  oled_i2c.o(.text)
    OLED_DrawBMP                             0x08000a9f   Thumb Code   116  oled_i2c.o(.text)
    oled_pow                                 0x08000b13   Thumb Code    56  oled_i2c.o(.text)
    OLED_progress_bar                        0x08000b4b   Thumb Code  2748  oled_i2c.o(.text)
    test                                     0x08001607   Thumb Code    56  oled_i2c.o(.text)
    DHT11_Rst                                0x0800166d   Thumb Code    52  dht11.o(.text)
    DHT11_Check                              0x080016a1   Thumb Code    96  dht11.o(.text)
    DHT11_Read_Bit                           0x08001701   Thumb Code    76  dht11.o(.text)
    DHT11_Read_Byte                          0x0800174d   Thumb Code    30  dht11.o(.text)
    DHT11_Read_Data                          0x0800176b   Thumb Code    88  dht11.o(.text)
    DHT11_Init                               0x080017c3   Thumb Code    54  dht11.o(.text)
    TIM2_Int_Init                            0x08001805   Thumb Code    92  timer.o(.text)
    TIM2_IRQHandler                          0x08001861   Thumb Code    22  timer.o(.text)
    Show                                     0x08001877   Thumb Code   244  timer.o(.text)
    TIM3_Int_Init                            0x0800196b   Thumb Code    90  timer.o(.text)
    TIM3_IRQHandler                          0x080019c5   Thumb Code    22  timer.o(.text)
    KEY_Init                                 0x08001a55   Thumb Code    56  key.o(.text)
    Adc_Init                                 0x08001a91   Thumb Code   162  adc.o(.text)
    Get_Adc                                  0x08001b33   Thumb Code    46  adc.o(.text)
    Get_Adc_Average                          0x08001b61   Thumb Code    46  adc.o(.text)
    EXTIX_Init                               0x08001b9d   Thumb Code   178  exti.o(.text)
    EXTI4_IRQHandler                         0x08001c4f   Thumb Code     2  exti.o(.text)
    EXTI9_5_IRQHandler                       0x08001c51   Thumb Code     2  exti.o(.text)
    EXTI15_10_IRQHandler                     0x08001c53   Thumb Code     2  exti.o(.text)
    i2c_Start                                0x08001c63   Thumb Code    48  bh1750.o(.text)
    i2c_Stop                                 0x08001c93   Thumb Code    32  bh1750.o(.text)
    i2c_SendByte                             0x08001cb3   Thumb Code    88  bh1750.o(.text)
    i2c_ReadByte                             0x08001d0b   Thumb Code    66  bh1750.o(.text)
    i2c_WaitAck                              0x08001d4d   Thumb Code    62  bh1750.o(.text)
    i2c_Ack                                  0x08001d8b   Thumb Code    52  bh1750.o(.text)
    i2c_NAck                                 0x08001dbf   Thumb Code    42  bh1750.o(.text)
    i2c_CheckDevice                          0x08001e17   Thumb Code    28  bh1750.o(.text)
    BH1750_Byte_Write                        0x08001e33   Thumb Code    50  bh1750.o(.text)
    BH1750_Read_Measure                      0x08001e65   Thumb Code    58  bh1750.o(.text)
    BH1750_Power_ON                          0x08001e9f   Thumb Code    10  bh1750.o(.text)
    BH1750_Power_OFF                         0x08001ea9   Thumb Code    10  bh1750.o(.text)
    BH1750_RESET                             0x08001eb3   Thumb Code    10  bh1750.o(.text)
    BH1750_Init                              0x08001ebd   Thumb Code    18  bh1750.o(.text)
    LIght_Intensity                          0x08001ecf   Thumb Code    32  bh1750.o(.text)
    delay_init                               0x08001ef9   Thumb Code    50  delay.o(.text)
    delay_us                                 0x08001f2b   Thumb Code    72  delay.o(.text)
    delay_ms                                 0x08001f73   Thumb Code    72  delay.o(.text)
    Usart1_Init                              0x08001fcd   Thumb Code   166  usart.o(.text)
    Usart2_Init                              0x08002073   Thumb Code   162  usart.o(.text)
    Usart3_Init                              0x08002115   Thumb Code   166  usart.o(.text)
    USART1_IRQHandler                        0x080021bb   Thumb Code    42  usart.o(.text)
    USART3_IRQHandler                        0x080021e5   Thumb Code    14  usart.o(.text)
    Usart_SendString                         0x080021f3   Thumb Code    50  usart.o(.text)
    UsartPrintf                              0x08002225   Thumb Code    72  usart.o(.text)
    Reset_Handler                            0x08002281   Thumb Code     8  startup_stm32f10x_hd.o(.text)
    ADC1_2_IRQHandler                        0x0800229b   Thumb Code     0  startup_stm32f10x_hd.o(.text)
    ADC3_IRQHandler                          0x0800229b   Thumb Code     0  startup_stm32f10x_hd.o(.text)
    CAN1_RX1_IRQHandler                      0x0800229b   Thumb Code     0  startup_stm32f10x_hd.o(.text)
    CAN1_SCE_IRQHandler                      0x0800229b   Thumb Code     0  startup_stm32f10x_hd.o(.text)
    DMA1_Channel1_IRQHandler                 0x0800229b   Thumb Code     0  startup_stm32f10x_hd.o(.text)
    DMA1_Channel2_IRQHandler                 0x0800229b   Thumb Code     0  startup_stm32f10x_hd.o(.text)
    DMA1_Channel3_IRQHandler                 0x0800229b   Thumb Code     0  startup_stm32f10x_hd.o(.text)
    DMA1_Channel4_IRQHandler                 0x0800229b   Thumb Code     0  startup_stm32f10x_hd.o(.text)
    DMA1_Channel5_IRQHandler                 0x0800229b   Thumb Code     0  startup_stm32f10x_hd.o(.text)
    DMA1_Channel6_IRQHandler                 0x0800229b   Thumb Code     0  startup_stm32f10x_hd.o(.text)
    DMA1_Channel7_IRQHandler                 0x0800229b   Thumb Code     0  startup_stm32f10x_hd.o(.text)
    DMA2_Channel1_IRQHandler                 0x0800229b   Thumb Code     0  startup_stm32f10x_hd.o(.text)
    DMA2_Channel2_IRQHandler                 0x0800229b   Thumb Code     0  startup_stm32f10x_hd.o(.text)
    DMA2_Channel3_IRQHandler                 0x0800229b   Thumb Code     0  startup_stm32f10x_hd.o(.text)
    DMA2_Channel4_5_IRQHandler               0x0800229b   Thumb Code     0  startup_stm32f10x_hd.o(.text)
    EXTI0_IRQHandler                         0x0800229b   Thumb Code     0  startup_stm32f10x_hd.o(.text)
    EXTI1_IRQHandler                         0x0800229b   Thumb Code     0  startup_stm32f10x_hd.o(.text)
    EXTI2_IRQHandler                         0x0800229b   Thumb Code     0  startup_stm32f10x_hd.o(.text)
    EXTI3_IRQHandler                         0x0800229b   Thumb Code     0  startup_stm32f10x_hd.o(.text)
    FLASH_IRQHandler                         0x0800229b   Thumb Code     0  startup_stm32f10x_hd.o(.text)
    FSMC_IRQHandler                          0x0800229b   Thumb Code     0  startup_stm32f10x_hd.o(.text)
    I2C1_ER_IRQHandler                       0x0800229b   Thumb Code     0  startup_stm32f10x_hd.o(.text)
    I2C1_EV_IRQHandler                       0x0800229b   Thumb Code     0  startup_stm32f10x_hd.o(.text)
    I2C2_ER_IRQHandler                       0x0800229b   Thumb Code     0  startup_stm32f10x_hd.o(.text)
    I2C2_EV_IRQHandler                       0x0800229b   Thumb Code     0  startup_stm32f10x_hd.o(.text)
    PVD_IRQHandler                           0x0800229b   Thumb Code     0  startup_stm32f10x_hd.o(.text)
    RCC_IRQHandler                           0x0800229b   Thumb Code     0  startup_stm32f10x_hd.o(.text)
    RTCAlarm_IRQHandler                      0x0800229b   Thumb Code     0  startup_stm32f10x_hd.o(.text)
    RTC_IRQHandler                           0x0800229b   Thumb Code     0  startup_stm32f10x_hd.o(.text)
    SDIO_IRQHandler                          0x0800229b   Thumb Code     0  startup_stm32f10x_hd.o(.text)
    SPI1_IRQHandler                          0x0800229b   Thumb Code     0  startup_stm32f10x_hd.o(.text)
    SPI2_IRQHandler                          0x0800229b   Thumb Code     0  startup_stm32f10x_hd.o(.text)
    SPI3_IRQHandler                          0x0800229b   Thumb Code     0  startup_stm32f10x_hd.o(.text)
    TAMPER_IRQHandler                        0x0800229b   Thumb Code     0  startup_stm32f10x_hd.o(.text)
    TIM1_BRK_IRQHandler                      0x0800229b   Thumb Code     0  startup_stm32f10x_hd.o(.text)
    TIM1_CC_IRQHandler                       0x0800229b   Thumb Code     0  startup_stm32f10x_hd.o(.text)
    TIM1_TRG_COM_IRQHandler                  0x0800229b   Thumb Code     0  startup_stm32f10x_hd.o(.text)
    TIM1_UP_IRQHandler                       0x0800229b   Thumb Code     0  startup_stm32f10x_hd.o(.text)
    TIM4_IRQHandler                          0x0800229b   Thumb Code     0  startup_stm32f10x_hd.o(.text)
    TIM5_IRQHandler                          0x0800229b   Thumb Code     0  startup_stm32f10x_hd.o(.text)
    TIM6_IRQHandler                          0x0800229b   Thumb Code     0  startup_stm32f10x_hd.o(.text)
    TIM7_IRQHandler                          0x0800229b   Thumb Code     0  startup_stm32f10x_hd.o(.text)
    TIM8_BRK_IRQHandler                      0x0800229b   Thumb Code     0  startup_stm32f10x_hd.o(.text)
    TIM8_CC_IRQHandler                       0x0800229b   Thumb Code     0  startup_stm32f10x_hd.o(.text)
    TIM8_TRG_COM_IRQHandler                  0x0800229b   Thumb Code     0  startup_stm32f10x_hd.o(.text)
    TIM8_UP_IRQHandler                       0x0800229b   Thumb Code     0  startup_stm32f10x_hd.o(.text)
    UART4_IRQHandler                         0x0800229b   Thumb Code     0  startup_stm32f10x_hd.o(.text)
    UART5_IRQHandler                         0x0800229b   Thumb Code     0  startup_stm32f10x_hd.o(.text)
    USBWakeUp_IRQHandler                     0x0800229b   Thumb Code     0  startup_stm32f10x_hd.o(.text)
    USB_HP_CAN1_TX_IRQHandler                0x0800229b   Thumb Code     0  startup_stm32f10x_hd.o(.text)
    USB_LP_CAN1_RX0_IRQHandler               0x0800229b   Thumb Code     0  startup_stm32f10x_hd.o(.text)
    WWDG_IRQHandler                          0x0800229b   Thumb Code     0  startup_stm32f10x_hd.o(.text)
    __user_initial_stackheap                 0x0800229d   Thumb Code     0  startup_stm32f10x_hd.o(.text)
    GPIO_DeInit                              0x080022c1   Thumb Code   172  stm32f10x_gpio.o(.text)
    GPIO_AFIODeInit                          0x0800236d   Thumb Code    20  stm32f10x_gpio.o(.text)
    GPIO_Init                                0x08002381   Thumb Code   278  stm32f10x_gpio.o(.text)
    GPIO_StructInit                          0x08002497   Thumb Code    16  stm32f10x_gpio.o(.text)
    GPIO_ReadInputDataBit                    0x080024a7   Thumb Code    18  stm32f10x_gpio.o(.text)
    GPIO_ReadInputData                       0x080024b9   Thumb Code     8  stm32f10x_gpio.o(.text)
    GPIO_ReadOutputDataBit                   0x080024c1   Thumb Code    18  stm32f10x_gpio.o(.text)
    GPIO_ReadOutputData                      0x080024d3   Thumb Code     8  stm32f10x_gpio.o(.text)
    GPIO_SetBits                             0x080024db   Thumb Code     4  stm32f10x_gpio.o(.text)
    GPIO_ResetBits                           0x080024df   Thumb Code     4  stm32f10x_gpio.o(.text)
    GPIO_WriteBit                            0x080024e3   Thumb Code    10  stm32f10x_gpio.o(.text)
    GPIO_Write                               0x080024ed   Thumb Code     4  stm32f10x_gpio.o(.text)
    GPIO_PinLockConfig                       0x080024f1   Thumb Code    18  stm32f10x_gpio.o(.text)
    GPIO_EventOutputConfig                   0x08002503   Thumb Code    26  stm32f10x_gpio.o(.text)
    GPIO_EventOutputCmd                      0x0800251d   Thumb Code     6  stm32f10x_gpio.o(.text)
    GPIO_PinRemapConfig                      0x08002523   Thumb Code   138  stm32f10x_gpio.o(.text)
    GPIO_EXTILineConfig                      0x080025ad   Thumb Code    66  stm32f10x_gpio.o(.text)
    GPIO_ETH_MediaInterfaceConfig            0x080025ef   Thumb Code     8  stm32f10x_gpio.o(.text)
    RCC_DeInit                               0x0800261d   Thumb Code    64  stm32f10x_rcc.o(.text)
    RCC_HSEConfig                            0x0800265d   Thumb Code    70  stm32f10x_rcc.o(.text)
    RCC_GetFlagStatus                        0x080026a3   Thumb Code    56  stm32f10x_rcc.o(.text)
    RCC_WaitForHSEStartUp                    0x080026db   Thumb Code    56  stm32f10x_rcc.o(.text)
    RCC_AdjustHSICalibrationValue            0x08002713   Thumb Code    20  stm32f10x_rcc.o(.text)
    RCC_HSICmd                               0x08002727   Thumb Code     6  stm32f10x_rcc.o(.text)
    RCC_PLLConfig                            0x0800272d   Thumb Code    24  stm32f10x_rcc.o(.text)
    RCC_PLLCmd                               0x08002745   Thumb Code     6  stm32f10x_rcc.o(.text)
    RCC_SYSCLKConfig                         0x0800274b   Thumb Code    18  stm32f10x_rcc.o(.text)
    RCC_GetSYSCLKSource                      0x0800275d   Thumb Code    10  stm32f10x_rcc.o(.text)
    RCC_HCLKConfig                           0x08002767   Thumb Code    18  stm32f10x_rcc.o(.text)
    RCC_PCLK1Config                          0x08002779   Thumb Code    18  stm32f10x_rcc.o(.text)
    RCC_PCLK2Config                          0x0800278b   Thumb Code    20  stm32f10x_rcc.o(.text)
    RCC_ITConfig                             0x0800279f   Thumb Code    26  stm32f10x_rcc.o(.text)
    RCC_USBCLKConfig                         0x080027b9   Thumb Code     8  stm32f10x_rcc.o(.text)
    RCC_ADCCLKConfig                         0x080027c1   Thumb Code    18  stm32f10x_rcc.o(.text)
    RCC_LSEConfig                            0x080027d3   Thumb Code    50  stm32f10x_rcc.o(.text)
    RCC_LSICmd                               0x08002805   Thumb Code     6  stm32f10x_rcc.o(.text)
    RCC_RTCCLKConfig                         0x0800280b   Thumb Code    12  stm32f10x_rcc.o(.text)
    RCC_RTCCLKCmd                            0x08002817   Thumb Code     8  stm32f10x_rcc.o(.text)
    RCC_GetClocksFreq                        0x0800281f   Thumb Code   192  stm32f10x_rcc.o(.text)
    RCC_AHBPeriphClockCmd                    0x080028df   Thumb Code    26  stm32f10x_rcc.o(.text)
    RCC_APB2PeriphClockCmd                   0x080028f9   Thumb Code    26  stm32f10x_rcc.o(.text)
    RCC_APB1PeriphClockCmd                   0x08002913   Thumb Code    26  stm32f10x_rcc.o(.text)
    RCC_APB2PeriphResetCmd                   0x0800292d   Thumb Code    26  stm32f10x_rcc.o(.text)
    RCC_APB1PeriphResetCmd                   0x08002947   Thumb Code    26  stm32f10x_rcc.o(.text)
    RCC_BackupResetCmd                       0x08002961   Thumb Code     8  stm32f10x_rcc.o(.text)
    RCC_ClockSecuritySystemCmd               0x08002969   Thumb Code     6  stm32f10x_rcc.o(.text)
    RCC_MCOConfig                            0x0800296f   Thumb Code     6  stm32f10x_rcc.o(.text)
    RCC_ClearFlag                            0x08002975   Thumb Code    14  stm32f10x_rcc.o(.text)
    RCC_GetITStatus                          0x08002983   Thumb Code    20  stm32f10x_rcc.o(.text)
    RCC_ClearITPendingBit                    0x08002997   Thumb Code     6  stm32f10x_rcc.o(.text)
    USART_DeInit                             0x080029c1   Thumb Code   134  stm32f10x_usart.o(.text)
    USART_Init                               0x08002a47   Thumb Code   210  stm32f10x_usart.o(.text)
    USART_StructInit                         0x08002b19   Thumb Code    24  stm32f10x_usart.o(.text)
    USART_ClockInit                          0x08002b31   Thumb Code    34  stm32f10x_usart.o(.text)
    USART_ClockStructInit                    0x08002b53   Thumb Code    12  stm32f10x_usart.o(.text)
    USART_Cmd                                0x08002b5f   Thumb Code    24  stm32f10x_usart.o(.text)
    USART_ITConfig                           0x08002b77   Thumb Code    74  stm32f10x_usart.o(.text)
    USART_DMACmd                             0x08002bc1   Thumb Code    18  stm32f10x_usart.o(.text)
    USART_SetAddress                         0x08002bd3   Thumb Code    18  stm32f10x_usart.o(.text)
    USART_WakeUpConfig                       0x08002be5   Thumb Code    18  stm32f10x_usart.o(.text)
    USART_ReceiverWakeUpCmd                  0x08002bf7   Thumb Code    24  stm32f10x_usart.o(.text)
    USART_LINBreakDetectLengthConfig         0x08002c0f   Thumb Code    18  stm32f10x_usart.o(.text)
    USART_LINCmd                             0x08002c21   Thumb Code    24  stm32f10x_usart.o(.text)
    USART_SendData                           0x08002c39   Thumb Code     8  stm32f10x_usart.o(.text)
    USART_ReceiveData                        0x08002c41   Thumb Code    10  stm32f10x_usart.o(.text)
    USART_SendBreak                          0x08002c4b   Thumb Code    10  stm32f10x_usart.o(.text)
    USART_SetGuardTime                       0x08002c55   Thumb Code    16  stm32f10x_usart.o(.text)
    USART_SetPrescaler                       0x08002c65   Thumb Code    16  stm32f10x_usart.o(.text)
    USART_SmartCardCmd                       0x08002c75   Thumb Code    24  stm32f10x_usart.o(.text)
    USART_SmartCardNACKCmd                   0x08002c8d   Thumb Code    24  stm32f10x_usart.o(.text)
    USART_HalfDuplexCmd                      0x08002ca5   Thumb Code    24  stm32f10x_usart.o(.text)
    USART_OverSampling8Cmd                   0x08002cbd   Thumb Code    22  stm32f10x_usart.o(.text)
    USART_OneBitMethodCmd                    0x08002cd3   Thumb Code    24  stm32f10x_usart.o(.text)
    USART_IrDAConfig                         0x08002ceb   Thumb Code    18  stm32f10x_usart.o(.text)
    USART_IrDACmd                            0x08002cfd   Thumb Code    24  stm32f10x_usart.o(.text)
    USART_GetFlagStatus                      0x08002d15   Thumb Code    26  stm32f10x_usart.o(.text)
    USART_ClearFlag                          0x08002d2f   Thumb Code    18  stm32f10x_usart.o(.text)
    USART_GetITStatus                        0x08002d41   Thumb Code    84  stm32f10x_usart.o(.text)
    USART_ClearITPendingBit                  0x08002d95   Thumb Code    52  stm32f10x_usart.o(.text)
    NVIC_PriorityGroupConfig                 0x08002dc9   Thumb Code    10  misc.o(.text)
    NVIC_Init                                0x08002dd3   Thumb Code   100  misc.o(.text)
    NVIC_SetVectorTable                      0x08002e37   Thumb Code    14  misc.o(.text)
    NVIC_SystemLPConfig                      0x08002e45   Thumb Code    34  misc.o(.text)
    SysTick_CLKSourceConfig                  0x08002e67   Thumb Code    40  misc.o(.text)
    I2C_DeInit                               0x08002ea5   Thumb Code    50  stm32f10x_i2c.o(.text)
    I2C_Init                                 0x08002ed7   Thumb Code   222  stm32f10x_i2c.o(.text)
    I2C_StructInit                           0x08002fb5   Thumb Code    30  stm32f10x_i2c.o(.text)
    I2C_Cmd                                  0x08002fd3   Thumb Code    24  stm32f10x_i2c.o(.text)
    I2C_DMACmd                               0x08002feb   Thumb Code    24  stm32f10x_i2c.o(.text)
    I2C_DMALastTransferCmd                   0x08003003   Thumb Code    24  stm32f10x_i2c.o(.text)
    I2C_GenerateSTART                        0x0800301b   Thumb Code    24  stm32f10x_i2c.o(.text)
    I2C_GenerateSTOP                         0x08003033   Thumb Code    24  stm32f10x_i2c.o(.text)
    I2C_AcknowledgeConfig                    0x0800304b   Thumb Code    24  stm32f10x_i2c.o(.text)
    I2C_OwnAddress2Config                    0x08003063   Thumb Code    22  stm32f10x_i2c.o(.text)
    I2C_DualAddressCmd                       0x08003079   Thumb Code    24  stm32f10x_i2c.o(.text)
    I2C_GeneralCallCmd                       0x08003091   Thumb Code    24  stm32f10x_i2c.o(.text)
    I2C_ITConfig                             0x080030a9   Thumb Code    18  stm32f10x_i2c.o(.text)
    I2C_SendData                             0x080030bb   Thumb Code     4  stm32f10x_i2c.o(.text)
    I2C_ReceiveData                          0x080030bf   Thumb Code     8  stm32f10x_i2c.o(.text)
    I2C_Send7bitAddress                      0x080030c7   Thumb Code    18  stm32f10x_i2c.o(.text)
    I2C_ReadRegister                         0x080030d9   Thumb Code    22  stm32f10x_i2c.o(.text)
    I2C_SoftwareResetCmd                     0x080030ef   Thumb Code    22  stm32f10x_i2c.o(.text)
    I2C_NACKPositionConfig                   0x08003105   Thumb Code    28  stm32f10x_i2c.o(.text)
    I2C_SMBusAlertConfig                     0x08003121   Thumb Code    28  stm32f10x_i2c.o(.text)
    I2C_TransmitPEC                          0x0800313d   Thumb Code    24  stm32f10x_i2c.o(.text)
    I2C_PECPositionConfig                    0x08003155   Thumb Code    28  stm32f10x_i2c.o(.text)
    I2C_CalculatePEC                         0x08003171   Thumb Code    24  stm32f10x_i2c.o(.text)
    I2C_GetPEC                               0x08003189   Thumb Code     8  stm32f10x_i2c.o(.text)
    I2C_ARPCmd                               0x08003191   Thumb Code    24  stm32f10x_i2c.o(.text)
    I2C_StretchClockCmd                      0x080031a9   Thumb Code    24  stm32f10x_i2c.o(.text)
    I2C_FastModeDutyCycleConfig              0x080031c1   Thumb Code    28  stm32f10x_i2c.o(.text)
    I2C_CheckEvent                           0x080031dd   Thumb Code    42  stm32f10x_i2c.o(.text)
    I2C_GetLastEvent                         0x08003207   Thumb Code    26  stm32f10x_i2c.o(.text)
    I2C_GetFlagStatus                        0x08003221   Thumb Code    58  stm32f10x_i2c.o(.text)
    I2C_ClearFlag                            0x0800325b   Thumb Code    12  stm32f10x_i2c.o(.text)
    I2C_GetITStatus                          0x08003267   Thumb Code    54  stm32f10x_i2c.o(.text)
    I2C_ClearITPendingBit                    0x0800329d   Thumb Code    12  stm32f10x_i2c.o(.text)
    ADC_DeInit                               0x080032a9   Thumb Code    78  stm32f10x_adc.o(.text)
    ADC_Init                                 0x080032f7   Thumb Code    70  stm32f10x_adc.o(.text)
    ADC_StructInit                           0x0800333d   Thumb Code    18  stm32f10x_adc.o(.text)
    ADC_Cmd                                  0x0800334f   Thumb Code    22  stm32f10x_adc.o(.text)
    ADC_DMACmd                               0x08003365   Thumb Code    22  stm32f10x_adc.o(.text)
    ADC_ITConfig                             0x0800337b   Thumb Code    24  stm32f10x_adc.o(.text)
    ADC_ResetCalibration                     0x08003393   Thumb Code    10  stm32f10x_adc.o(.text)
    ADC_GetResetCalibrationStatus            0x0800339d   Thumb Code    20  stm32f10x_adc.o(.text)
    ADC_StartCalibration                     0x080033b1   Thumb Code    10  stm32f10x_adc.o(.text)
    ADC_GetCalibrationStatus                 0x080033bb   Thumb Code    20  stm32f10x_adc.o(.text)
    ADC_SoftwareStartConvCmd                 0x080033cf   Thumb Code    22  stm32f10x_adc.o(.text)
    ADC_GetSoftwareStartConvStatus           0x080033e5   Thumb Code    20  stm32f10x_adc.o(.text)
    ADC_DiscModeChannelCountConfig           0x080033f9   Thumb Code    24  stm32f10x_adc.o(.text)
    ADC_DiscModeCmd                          0x08003411   Thumb Code    22  stm32f10x_adc.o(.text)
    ADC_RegularChannelConfig                 0x08003427   Thumb Code   184  stm32f10x_adc.o(.text)
    ADC_ExternalTrigConvCmd                  0x080034df   Thumb Code    22  stm32f10x_adc.o(.text)
    ADC_GetConversionValue                   0x080034f5   Thumb Code     8  stm32f10x_adc.o(.text)
    ADC_GetDualModeConversionValue           0x080034fd   Thumb Code     8  stm32f10x_adc.o(.text)
    ADC_AutoInjectedConvCmd                  0x08003505   Thumb Code    22  stm32f10x_adc.o(.text)
    ADC_InjectedDiscModeCmd                  0x0800351b   Thumb Code    22  stm32f10x_adc.o(.text)
    ADC_ExternalTrigInjectedConvConfig       0x08003531   Thumb Code    16  stm32f10x_adc.o(.text)
    ADC_ExternalTrigInjectedConvCmd          0x08003541   Thumb Code    22  stm32f10x_adc.o(.text)
    ADC_SoftwareStartInjectedConvCmd         0x08003557   Thumb Code    22  stm32f10x_adc.o(.text)
    ADC_GetSoftwareStartInjectedConvCmdStatus 0x0800356d   Thumb Code    20  stm32f10x_adc.o(.text)
    ADC_InjectedChannelConfig                0x08003581   Thumb Code   130  stm32f10x_adc.o(.text)
    ADC_InjectedSequencerLengthConfig        0x08003603   Thumb Code    24  stm32f10x_adc.o(.text)
    ADC_SetInjectedOffset                    0x0800361b   Thumb Code    20  stm32f10x_adc.o(.text)
    ADC_GetInjectedConversionValue           0x0800362f   Thumb Code    28  stm32f10x_adc.o(.text)
    ADC_AnalogWatchdogCmd                    0x0800364b   Thumb Code    16  stm32f10x_adc.o(.text)
    ADC_AnalogWatchdogThresholdsConfig       0x0800365b   Thumb Code     6  stm32f10x_adc.o(.text)
    ADC_AnalogWatchdogSingleChannelConfig    0x08003661   Thumb Code    16  stm32f10x_adc.o(.text)
    ADC_TempSensorVrefintCmd                 0x08003671   Thumb Code    64  stm32f10x_adc.o(.text)
    ADC_GetFlagStatus                        0x080036b1   Thumb Code    18  stm32f10x_adc.o(.text)
    ADC_ClearFlag                            0x080036c3   Thumb Code     6  stm32f10x_adc.o(.text)
    ADC_GetITStatus                          0x080036c9   Thumb Code    36  stm32f10x_adc.o(.text)
    ADC_ClearITPendingBit                    0x080036ed   Thumb Code    10  stm32f10x_adc.o(.text)
    EXTI_DeInit                              0x080036f9   Thumb Code    28  stm32f10x_exti.o(.text)
    EXTI_Init                                0x08003715   Thumb Code   142  stm32f10x_exti.o(.text)
    EXTI_StructInit                          0x080037a3   Thumb Code    16  stm32f10x_exti.o(.text)
    EXTI_GenerateSWInterrupt                 0x080037b3   Thumb Code    16  stm32f10x_exti.o(.text)
    EXTI_GetFlagStatus                       0x080037c3   Thumb Code    22  stm32f10x_exti.o(.text)
    EXTI_ClearFlag                           0x080037d9   Thumb Code     8  stm32f10x_exti.o(.text)
    EXTI_GetITStatus                         0x080037e1   Thumb Code    34  stm32f10x_exti.o(.text)
    EXTI_ClearITPendingBit                   0x08003803   Thumb Code     8  stm32f10x_exti.o(.text)
    TIM_DeInit                               0x08003815   Thumb Code   424  stm32f10x_tim.o(.text)
    TIM_TimeBaseInit                         0x080039bd   Thumb Code   122  stm32f10x_tim.o(.text)
    TIM_OC1Init                              0x08003a37   Thumb Code   132  stm32f10x_tim.o(.text)
    TIM_OC2Init                              0x08003abb   Thumb Code   154  stm32f10x_tim.o(.text)
    TIM_OC3Init                              0x08003b55   Thumb Code   150  stm32f10x_tim.o(.text)
    TIM_OC4Init                              0x08003beb   Thumb Code   182  stm32f10x_tim.o(.text)
    TIM_SetIC4Prescaler                      0x08003ca1   Thumb Code    26  stm32f10x_tim.o(.text)
    TIM_SetIC3Prescaler                      0x08003d3d   Thumb Code    18  stm32f10x_tim.o(.text)
    TIM_SetIC2Prescaler                      0x08003dc9   Thumb Code    26  stm32f10x_tim.o(.text)
    TIM_SetIC1Prescaler                      0x08003e65   Thumb Code    18  stm32f10x_tim.o(.text)
    TIM_ICInit                               0x08003ee3   Thumb Code   150  stm32f10x_tim.o(.text)
    TIM_PWMIConfig                           0x08003f79   Thumb Code   124  stm32f10x_tim.o(.text)
    TIM_BDTRConfig                           0x08003ff5   Thumb Code    32  stm32f10x_tim.o(.text)
    TIM_TimeBaseStructInit                   0x08004015   Thumb Code    18  stm32f10x_tim.o(.text)
    TIM_OCStructInit                         0x08004027   Thumb Code    20  stm32f10x_tim.o(.text)
    TIM_ICStructInit                         0x0800403b   Thumb Code    18  stm32f10x_tim.o(.text)
    TIM_BDTRStructInit                       0x0800404d   Thumb Code    40  stm32f10x_tim.o(.text)
    TIM_Cmd                                  0x08004075   Thumb Code    24  stm32f10x_tim.o(.text)
    TIM_CtrlPWMOutputs                       0x0800408d   Thumb Code    30  stm32f10x_tim.o(.text)
    TIM_ITConfig                             0x080040ab   Thumb Code    18  stm32f10x_tim.o(.text)
    TIM_GenerateEvent                        0x080040bd   Thumb Code     4  stm32f10x_tim.o(.text)
    TIM_DMAConfig                            0x080040c1   Thumb Code    10  stm32f10x_tim.o(.text)
    TIM_DMACmd                               0x080040cb   Thumb Code    18  stm32f10x_tim.o(.text)
    TIM_InternalClockConfig                  0x080040dd   Thumb Code    12  stm32f10x_tim.o(.text)
    TIM_SelectInputTrigger                   0x080040e9   Thumb Code    18  stm32f10x_tim.o(.text)
    TIM_ITRxExternalClockConfig              0x080040fb   Thumb Code    24  stm32f10x_tim.o(.text)
    TIM_TIxExternalClockConfig               0x08004113   Thumb Code    62  stm32f10x_tim.o(.text)
    TIM_ETRConfig                            0x08004151   Thumb Code    28  stm32f10x_tim.o(.text)
    TIM_ETRClockMode1Config                  0x0800416d   Thumb Code    54  stm32f10x_tim.o(.text)
    TIM_ETRClockMode2Config                  0x080041a3   Thumb Code    32  stm32f10x_tim.o(.text)
    TIM_PrescalerConfig                      0x080041c3   Thumb Code     6  stm32f10x_tim.o(.text)
    TIM_CounterModeConfig                    0x080041c9   Thumb Code    18  stm32f10x_tim.o(.text)
    TIM_EncoderInterfaceConfig               0x080041db   Thumb Code    66  stm32f10x_tim.o(.text)
    TIM_ForcedOC1Config                      0x0800421d   Thumb Code    18  stm32f10x_tim.o(.text)
    TIM_ForcedOC2Config                      0x0800422f   Thumb Code    26  stm32f10x_tim.o(.text)
    TIM_ForcedOC3Config                      0x08004249   Thumb Code    18  stm32f10x_tim.o(.text)
    TIM_ForcedOC4Config                      0x0800425b   Thumb Code    26  stm32f10x_tim.o(.text)
    TIM_ARRPreloadConfig                     0x08004275   Thumb Code    24  stm32f10x_tim.o(.text)
    TIM_SelectCOM                            0x0800428d   Thumb Code    24  stm32f10x_tim.o(.text)
    TIM_SelectCCDMA                          0x080042a5   Thumb Code    24  stm32f10x_tim.o(.text)
    TIM_CCPreloadControl                     0x080042bd   Thumb Code    24  stm32f10x_tim.o(.text)
    TIM_OC1PreloadConfig                     0x080042d5   Thumb Code    18  stm32f10x_tim.o(.text)
    TIM_OC2PreloadConfig                     0x080042e7   Thumb Code    26  stm32f10x_tim.o(.text)
    TIM_OC3PreloadConfig                     0x08004301   Thumb Code    18  stm32f10x_tim.o(.text)
    TIM_OC4PreloadConfig                     0x08004313   Thumb Code    26  stm32f10x_tim.o(.text)
    TIM_OC1FastConfig                        0x0800432d   Thumb Code    18  stm32f10x_tim.o(.text)
    TIM_OC2FastConfig                        0x0800433f   Thumb Code    26  stm32f10x_tim.o(.text)
    TIM_OC3FastConfig                        0x08004359   Thumb Code    18  stm32f10x_tim.o(.text)
    TIM_OC4FastConfig                        0x0800436b   Thumb Code    26  stm32f10x_tim.o(.text)
    TIM_ClearOC1Ref                          0x08004385   Thumb Code    18  stm32f10x_tim.o(.text)
    TIM_ClearOC2Ref                          0x08004397   Thumb Code    24  stm32f10x_tim.o(.text)
    TIM_ClearOC3Ref                          0x080043af   Thumb Code    18  stm32f10x_tim.o(.text)
    TIM_ClearOC4Ref                          0x080043c1   Thumb Code    24  stm32f10x_tim.o(.text)
    TIM_OC1PolarityConfig                    0x080043d9   Thumb Code    18  stm32f10x_tim.o(.text)
    TIM_OC1NPolarityConfig                   0x080043eb   Thumb Code    18  stm32f10x_tim.o(.text)
    TIM_OC2PolarityConfig                    0x080043fd   Thumb Code    26  stm32f10x_tim.o(.text)
    TIM_OC2NPolarityConfig                   0x08004417   Thumb Code    26  stm32f10x_tim.o(.text)
    TIM_OC3PolarityConfig                    0x08004431   Thumb Code    26  stm32f10x_tim.o(.text)
    TIM_OC3NPolarityConfig                   0x0800444b   Thumb Code    26  stm32f10x_tim.o(.text)
    TIM_OC4PolarityConfig                    0x08004465   Thumb Code    26  stm32f10x_tim.o(.text)
    TIM_CCxCmd                               0x0800447f   Thumb Code    30  stm32f10x_tim.o(.text)
    TIM_CCxNCmd                              0x0800449d   Thumb Code    30  stm32f10x_tim.o(.text)
    TIM_SelectOCxM                           0x080044bb   Thumb Code    82  stm32f10x_tim.o(.text)
    TIM_UpdateDisableConfig                  0x0800450d   Thumb Code    24  stm32f10x_tim.o(.text)
    TIM_UpdateRequestConfig                  0x08004525   Thumb Code    24  stm32f10x_tim.o(.text)
    TIM_SelectHallSensor                     0x0800453d   Thumb Code    24  stm32f10x_tim.o(.text)
    TIM_SelectOnePulseMode                   0x08004555   Thumb Code    18  stm32f10x_tim.o(.text)
    TIM_SelectOutputTrigger                  0x08004567   Thumb Code    18  stm32f10x_tim.o(.text)
    TIM_SelectSlaveMode                      0x08004579   Thumb Code    18  stm32f10x_tim.o(.text)
    TIM_SelectMasterSlaveMode                0x0800458b   Thumb Code    18  stm32f10x_tim.o(.text)
    TIM_SetCounter                           0x0800459d   Thumb Code     4  stm32f10x_tim.o(.text)
    TIM_SetAutoreload                        0x080045a1   Thumb Code     4  stm32f10x_tim.o(.text)
    TIM_SetCompare1                          0x080045a5   Thumb Code     4  stm32f10x_tim.o(.text)
    TIM_SetCompare2                          0x080045a9   Thumb Code     4  stm32f10x_tim.o(.text)
    TIM_SetCompare3                          0x080045ad   Thumb Code     4  stm32f10x_tim.o(.text)
    TIM_SetCompare4                          0x080045b1   Thumb Code     6  stm32f10x_tim.o(.text)
    TIM_SetClockDivision                     0x080045b7   Thumb Code    18  stm32f10x_tim.o(.text)
    TIM_GetCapture1                          0x080045c9   Thumb Code     6  stm32f10x_tim.o(.text)
    TIM_GetCapture2                          0x080045cf   Thumb Code     6  stm32f10x_tim.o(.text)
    TIM_GetCapture3                          0x080045d5   Thumb Code     6  stm32f10x_tim.o(.text)
    TIM_GetCapture4                          0x080045db   Thumb Code     8  stm32f10x_tim.o(.text)
    TIM_GetCounter                           0x080045e3   Thumb Code     6  stm32f10x_tim.o(.text)
    TIM_GetPrescaler                         0x080045e9   Thumb Code     6  stm32f10x_tim.o(.text)
    TIM_GetFlagStatus                        0x080045ef   Thumb Code    18  stm32f10x_tim.o(.text)
    TIM_ClearFlag                            0x08004601   Thumb Code     6  stm32f10x_tim.o(.text)
    TIM_GetITStatus                          0x08004607   Thumb Code    34  stm32f10x_tim.o(.text)
    TIM_ClearITPendingBit                    0x08004629   Thumb Code     6  stm32f10x_tim.o(.text)
    ESP8266_Clear                            0x08004631   Thumb Code    18  esp8266.o(.text)
    ESP8266_WaitRecive                       0x08004643   Thumb Code    42  esp8266.o(.text)
    ESP8266_SendCmd                          0x0800466d   Thumb Code    76  esp8266.o(.text)
    ESP8266_SendData                         0x080046b9   Thumb Code    46  esp8266.o(.text)
    ESP8266_GetIPD                           0x080046e7   Thumb Code    68  esp8266.o(.text)
    ESP8266_Init                             0x0800472b   Thumb Code   434  esp8266.o(.text)
    USART2_IRQHandler                        0x080048dd   Thumb Code    62  esp8266.o(.text)
    MQTT_NewBuffer                           0x080049e1   Thumb Code    88  mqttkit.o(.text)
    MQTT_DeleteBuffer                        0x08004a39   Thumb Code    28  mqttkit.o(.text)
    MQTT_DumpLength                          0x08004a55   Thumb Code    46  mqttkit.o(.text)
    MQTT_ReadLength                          0x08004a83   Thumb Code    70  mqttkit.o(.text)
    MQTT_UnPacketRecv                        0x08004ac9   Thumb Code   106  mqttkit.o(.text)
    MQTT_PacketConnect                       0x08004b33   Thumb Code   666  mqttkit.o(.text)
    MQTT_PacketDisConnect                    0x08004dcd   Thumb Code    48  mqttkit.o(.text)
    MQTT_UnPacketConnectAck                  0x08004dfd   Thumb Code    30  mqttkit.o(.text)
    MQTT_PacketPublish                       0x08004e1b   Thumb Code   452  mqttkit.o(.text)
    MQTT_PacketSaveData                      0x08004fdf   Thumb Code    88  mqttkit.o(.text)
    MQTT_PacketSaveBinData                   0x08005037   Thumb Code   192  mqttkit.o(.text)
    MQTT_UnPacketCmd                         0x080050f7   Thumb Code   140  mqttkit.o(.text)
    MQTT_PacketCmdResp                       0x08005183   Thumb Code   132  mqttkit.o(.text)
    MQTT_PacketSubscribe                     0x08005207   Thumb Code   254  mqttkit.o(.text)
    MQTT_UnPacketSubscribe                   0x08005305   Thumb Code    52  mqttkit.o(.text)
    MQTT_PacketUnSubscribe                   0x08005339   Thumb Code   268  mqttkit.o(.text)
    MQTT_UnPacketUnSubscribe                 0x08005445   Thumb Code    18  mqttkit.o(.text)
    MQTT_UnPacketPublish                     0x08005457   Thumb Code   440  mqttkit.o(.text)
    MQTT_PacketPublishAck                    0x0800560f   Thumb Code    72  mqttkit.o(.text)
    MQTT_UnPacketPublishAck                  0x08005657   Thumb Code    30  mqttkit.o(.text)
    MQTT_PacketPublishRec                    0x08005675   Thumb Code    72  mqttkit.o(.text)
    MQTT_UnPacketPublishRec                  0x080056bd   Thumb Code    30  mqttkit.o(.text)
    MQTT_PacketPublishRel                    0x080056db   Thumb Code    72  mqttkit.o(.text)
    MQTT_UnPacketPublishRel                  0x08005723   Thumb Code    36  mqttkit.o(.text)
    MQTT_PacketPublishComp                   0x08005747   Thumb Code    72  mqttkit.o(.text)
    MQTT_UnPacketPublishComp                 0x0800578f   Thumb Code    30  mqttkit.o(.text)
    MQTT_PacketPing                          0x080057ad   Thumb Code    48  mqttkit.o(.text)
    OneNet_DevLink                           0x080057dd   Thumb Code   352  onenet.o(.text)
    OneNet_FillBuf                           0x0800593d   Thumb Code   240  onenet.o(.text)
    OneNet_SendData                          0x08005a2d   Thumb Code    98  onenet.o(.text)
    OneNet_RevPro                            0x08005a8f   Thumb Code   286  onenet.o(.text)
    malloc                                   0x08005da5   Thumb Code    94  h1_alloc.o(.text)
    free                                     0x08005e03   Thumb Code    78  h1_free.o(.text)
    __c89vsnprintf                           0x08005e51   Thumb Code    48  c89vsnprintf.o(.text)
    __2sprintf                               0x08005e85   Thumb Code    38  __2sprintf.o(.text)
    _printf_str                              0x08005eb1   Thumb Code    82  _printf_str.o(.text)
    _printf_int_dec                          0x08005f05   Thumb Code   104  _printf_dec.o(.text)
    __printf                                 0x08005f7d   Thumb Code   388  __printf_flags_ss_wp.o(.text)
    atoi                                     0x08006105   Thumb Code    26  atoi.o(.text)
    strchr                                   0x0800611f   Thumb Code    20  strchr.o(.text)
    strncat                                  0x08006133   Thumb Code    36  strncat.o(.text)
    strstr                                   0x08006157   Thumb Code    36  strstr.o(.text)
    strcpy                                   0x0800617b   Thumb Code    72  strcpy.o(.text)
    strlen                                   0x080061c3   Thumb Code    62  strlen.o(.text)
    strcat                                   0x08006201   Thumb Code    24  strcat.o(.text)
    __aeabi_memcpy                           0x08006219   Thumb Code     0  rt_memcpy_v6.o(.text)
    __rt_memcpy                              0x08006219   Thumb Code   138  rt_memcpy_v6.o(.text)
    _memcpy_lastbytes                        0x0800627f   Thumb Code     0  rt_memcpy_v6.o(.text)
    __aeabi_memclr                           0x080062a3   Thumb Code     0  rt_memclr.o(.text)
    __rt_memclr                              0x080062a3   Thumb Code    68  rt_memclr.o(.text)
    _memset                                  0x080062a7   Thumb Code     0  rt_memclr.o(.text)
    __aeabi_memclr4                          0x080062e7   Thumb Code     0  rt_memclr_w.o(.text)
    __aeabi_memclr8                          0x080062e7   Thumb Code     0  rt_memclr_w.o(.text)
    __rt_memclr_w                            0x080062e7   Thumb Code    78  rt_memclr_w.o(.text)
    _memset_w                                0x080062eb   Thumb Code     0  rt_memclr_w.o(.text)
    __use_two_region_memory                  0x08006335   Thumb Code     2  heapauxi.o(.text)
    __rt_heap_escrow                         0x08006337   Thumb Code     2  heapauxi.o(.text)
    __rt_heap_expand                         0x08006339   Thumb Code     2  heapauxi.o(.text)
    __rt_heap_descriptor                     0x0800633d   Thumb Code     8  rt_heap_descriptor_intlibspace.o(.text)
    __aeabi_errno_addr                       0x08006345   Thumb Code     8  rt_errno_addr_intlibspace.o(.text)
    __errno$intlibspace                      0x08006345   Thumb Code     0  rt_errno_addr_intlibspace.o(.text)
    __rt_errno_addr$intlibspace              0x08006345   Thumb Code     0  rt_errno_addr_intlibspace.o(.text)
    __use_no_heap                            0x0800634d   Thumb Code     2  hguard.o(.text)
    __heap$guard                             0x0800634f   Thumb Code     2  hguard.o(.text)
    _terminate_user_alloc                    0x08006351   Thumb Code     2  init_alloc.o(.text)
    _init_user_alloc                         0x08006353   Thumb Code     2  init_alloc.o(.text)
    __Heap_Full                              0x08006355   Thumb Code    34  init_alloc.o(.text)
    __Heap_Broken                            0x08006377   Thumb Code     6  init_alloc.o(.text)
    _init_alloc                              0x0800637d   Thumb Code    94  init_alloc.o(.text)
    __Heap_Initialize                        0x080063db   Thumb Code    10  h1_init.o(.text)
    __Heap_DescSize                          0x080063e5   Thumb Code     4  h1_init.o(.text)
    _printf_pre_padding                      0x080063e9   Thumb Code    44  _printf_pad.o(.text)
    _printf_post_padding                     0x08006415   Thumb Code    34  _printf_pad.o(.text)
    _printf_truncate_signed                  0x08006437   Thumb Code    18  _printf_truncate.o(.text)
    _printf_truncate_unsigned                0x08006449   Thumb Code    18  _printf_truncate.o(.text)
    _printf_int_common                       0x0800645b   Thumb Code   178  _printf_intcommon.o(.text)
    _printf_charcount                        0x0800650d   Thumb Code    40  _printf_charcount.o(.text)
    __lib_sel_fp_printf                      0x08006535   Thumb Code     2  _printf_fp_dec.o(.text)
    _printf_fp_dec_real                      0x080066e3   Thumb Code   620  _printf_fp_dec.o(.text)
    _printf_char_common                      0x0800695b   Thumb Code    32  _printf_char_common.o(.text)
    _sputc                                   0x08006981   Thumb Code    10  _sputc.o(.text)
    _snputc                                  0x0800698b   Thumb Code    16  _snputc.o(.text)
    _printf_cs_common                        0x0800699b   Thumb Code    20  _printf_char.o(.text)
    _printf_char                             0x080069af   Thumb Code    16  _printf_char.o(.text)
    _printf_string                           0x080069bf   Thumb Code     8  _printf_char.o(.text)
    _printf_wctomb                           0x080069c9   Thumb Code   182  _printf_wctomb.o(.text)
    _printf_longlong_dec                     0x08006a85   Thumb Code   108  _printf_longlong_dec.o(.text)
    _printf_longlong_oct                     0x08006b01   Thumb Code    66  _printf_oct_int_ll.o(.text)
    _printf_int_oct                          0x08006b43   Thumb Code    24  _printf_oct_int_ll.o(.text)
    _printf_ll_oct                           0x08006b5b   Thumb Code    12  _printf_oct_int_ll.o(.text)
    _printf_longlong_hex                     0x08006b71   Thumb Code    86  _printf_hex_int_ll_ptr.o(.text)
    _printf_int_hex                          0x08006bc7   Thumb Code    28  _printf_hex_int_ll_ptr.o(.text)
    _printf_ll_hex                           0x08006be3   Thumb Code    12  _printf_hex_int_ll_ptr.o(.text)
    _printf_hex_ptr                          0x08006bef   Thumb Code    18  _printf_hex_int_ll_ptr.o(.text)
    strtol                                   0x08006c05   Thumb Code   112  strtol.o(.text)
    __aeabi_memcpy4                          0x08006c75   Thumb Code     0  rt_memcpy_w.o(.text)
    __aeabi_memcpy8                          0x08006c75   Thumb Code     0  rt_memcpy_w.o(.text)
    __rt_memcpy_w                            0x08006c75   Thumb Code   100  rt_memcpy_w.o(.text)
    _memcpy_lastbytes_aligned                0x08006cbd   Thumb Code     0  rt_memcpy_w.o(.text)
    __user_libspace                          0x08006cd9   Thumb Code     8  libspace.o(.text)
    __user_perproc_libspace                  0x08006cd9   Thumb Code     0  libspace.o(.text)
    __user_perthread_libspace                0x08006cd9   Thumb Code     0  libspace.o(.text)
    __rt_ctype_table                         0x08006ce1   Thumb Code    16  rt_ctype_table.o(.text)
    __rt_locale                              0x08006cf1   Thumb Code     8  rt_locale_intlibspace.o(.text)
    __Heap_ProvideMemory                     0x08006cf9   Thumb Code    52  h1_extend.o(.text)
    _ll_udiv10                               0x08006d2d   Thumb Code   138  lludiv10.o(.text)
    _printf_fp_infnan                        0x08006db9   Thumb Code   112  _printf_fp_infnan.o(.text)
    _printf_lcs_common                       0x08006e39   Thumb Code    20  _printf_wchar.o(.text)
    _printf_wchar                            0x08006e4d   Thumb Code    16  _printf_wchar.o(.text)
    _printf_wstring                          0x08006e5d   Thumb Code     8  _printf_wchar.o(.text)
    _strtoul                                 0x08006e65   Thumb Code   158  _strtoul.o(.text)
    _btod_etento                             0x08006f05   Thumb Code   216  bigflt0.o(.text)
    _wcrtomb                                 0x08006fe1   Thumb Code    64  _wcrtomb.o(.text)
    __rt_SIGRTMEM                            0x08007021   Thumb Code    14  defsig_rtmem_outer.o(.text)
    __I$use$semihosting                      0x0800702f   Thumb Code     0  use_no_semi.o(.text)
    __use_no_semihosting_swi                 0x0800702f   Thumb Code     2  use_no_semi.o(.text)
    __semihosting_library_function           0x08007031   Thumb Code     0  indicate_semi.o(.text)
    __user_setup_stackheap                   0x08007031   Thumb Code    74  sys_stackheap_outer.o(.text)
    _chval                                   0x0800707b   Thumb Code    28  _chval.o(.text)
    exit                                     0x08007097   Thumb Code    18  exit.o(.text)
    __sig_exit                               0x080070a9   Thumb Code    10  defsig_exit.o(.text)
    __rt_SIGRTMEM_inner                      0x080070b5   Thumb Code    22  defsig_rtmem_inner.o(.text)
    strcmp                                   0x08007105   Thumb Code   128  strcmpv7m.o(.text)
    _sys_exit                                0x08007185   Thumb Code     8  sys_exit.o(.text)
    __default_signal_display                 0x08007191   Thumb Code    50  defsig_general.o(.text)
    _ttywrch                                 0x080071c3   Thumb Code    14  sys_wrch.o(.text)
    _btod_d2e                                0x080071d1   Thumb Code    62  btod.o(CL$$btod_d2e)
    _d2e_denorm_low                          0x0800720f   Thumb Code    70  btod.o(CL$$btod_d2e_denorm_low)
    _d2e_norm_op1                            0x08007255   Thumb Code    96  btod.o(CL$$btod_d2e_norm_op1)
    __btod_div_common                        0x080072b5   Thumb Code   696  btod.o(CL$$btod_div_common)
    _e2e                                     0x080075ed   Thumb Code   198  btod.o(CL$$btod_e2e)
    _btod_ediv                               0x080076b3   Thumb Code    40  btod.o(CL$$btod_ediv)
    _btod_emul                               0x080076db   Thumb Code    40  btod.o(CL$$btod_emul)
    __btod_mult_common                       0x08007703   Thumb Code   580  btod.o(CL$$btod_mult_common)
    __ARM_fpclassify                         0x08007947   Thumb Code    40  fpclassify.o(i.__ARM_fpclassify)
    _is_digit                                0x0800796f   Thumb Code    14  __printf_wp.o(i._is_digit)
    _get_lc_numeric                          0x0800797d   Thumb Code    44  lc_numeric_c.o(locale$$code)
    _get_lc_ctype                            0x080079a9   Thumb Code    44  lc_ctype_c.o(locale$$code)
    __aeabi_d2f                              0x080079d5   Thumb Code     0  d2f.o(x$fpl$d2f)
    _d2f                                     0x080079d5   Thumb Code    98  d2f.o(x$fpl$d2f)
    __aeabi_dmul                             0x08007a39   Thumb Code     0  dmul.o(x$fpl$dmul)
    _dmul                                    0x08007a39   Thumb Code   332  dmul.o(x$fpl$dmul)
    __fpl_dnaninf                            0x08007b8d   Thumb Code   156  dnaninf.o(x$fpl$dnaninf)
    __fpl_dretinf                            0x08007c29   Thumb Code    12  dretinf.o(x$fpl$dretinf)
    __aeabi_f2d                              0x08007c35   Thumb Code     0  f2d.o(x$fpl$f2d)
    _f2d                                     0x08007c35   Thumb Code    86  f2d.o(x$fpl$f2d)
    __fpl_fcmp_Inf                           0x08007c8b   Thumb Code    24  fcmpi.o(x$fpl$fcmpinf)
    __aeabi_fdiv                             0x08007ca5   Thumb Code     0  fdiv.o(x$fpl$fdiv)
    _fdiv                                    0x08007ca5   Thumb Code   384  fdiv.o(x$fpl$fdiv)
    __aeabi_f2uiz                            0x08007e29   Thumb Code     0  ffixu.o(x$fpl$ffixu)
    _ffixu                                   0x08007e29   Thumb Code    62  ffixu.o(x$fpl$ffixu)
    __aeabi_ui2f                             0x08007e69   Thumb Code     0  fflt_clz.o(x$fpl$ffltu)
    _ffltu                                   0x08007e69   Thumb Code    38  fflt_clz.o(x$fpl$ffltu)
    __aeabi_cfcmple                          0x08007e91   Thumb Code     0  fleqf.o(x$fpl$fleqf)
    _fcmple                                  0x08007e91   Thumb Code   104  fleqf.o(x$fpl$fleqf)
    __fpl_fcmple_InfNaN                      0x08007ee3   Thumb Code     0  fleqf.o(x$fpl$fleqf)
    __aeabi_fmul                             0x08007ef9   Thumb Code     0  fmul.o(x$fpl$fmul)
    _fmul                                    0x08007ef9   Thumb Code   258  fmul.o(x$fpl$fmul)
    __fpl_fnaninf                            0x08007ffb   Thumb Code   140  fnaninf.o(x$fpl$fnaninf)
    __fpl_fretinf                            0x08008087   Thumb Code    10  fretinf.o(x$fpl$fretinf)
    __aeabi_cfrcmple                         0x08008091   Thumb Code     0  frleqf.o(x$fpl$frleqf)
    _frcmple                                 0x08008091   Thumb Code    98  frleqf.o(x$fpl$frleqf)
    _printf_fp_dec                           0x080080f3   Thumb Code     4  printf1.o(x$fpl$printf1)
    F6x8                                     0x080080f6   Data         552  oled_i2c.o(.constdata)
    __I$use$fp                               0x080080f6   Number         0  usenofp.o(x$fpl$usenofp)
    F8X16                                    0x0800831e   Data        1520  oled_i2c.o(.constdata)
    gImage0                                  0x0800890e   Data         256  oled_i2c.o(.constdata)
    gImage1                                  0x08008a0e   Data         256  oled_i2c.o(.constdata)
    gImage2                                  0x08008b0e   Data         256  oled_i2c.o(.constdata)
    gImage3                                  0x08008c0e   Data         256  oled_i2c.o(.constdata)
    gImage4                                  0x08008d0e   Data         256  oled_i2c.o(.constdata)
    gImage5                                  0x08008e0e   Data         256  oled_i2c.o(.constdata)
    gImage6                                  0x08008f0e   Data         256  oled_i2c.o(.constdata)
    gImage7                                  0x0800900e   Data         256  oled_i2c.o(.constdata)
    gImage8                                  0x0800910e   Data         256  oled_i2c.o(.constdata)
    gImage9                                  0x0800920e   Data         256  oled_i2c.o(.constdata)
    gImage10                                 0x0800930e   Data         256  oled_i2c.o(.constdata)
    gImage11                                 0x0800940e   Data         256  oled_i2c.o(.constdata)
    gImage12                                 0x0800950e   Data         256  oled_i2c.o(.constdata)
    gImage13                                 0x0800960e   Data         256  oled_i2c.o(.constdata)
    gImage14                                 0x0800970e   Data         256  oled_i2c.o(.constdata)
    gImage15                                 0x0800980e   Data         256  oled_i2c.o(.constdata)
    gImage16                                 0x0800990e   Data         256  oled_i2c.o(.constdata)
    gImage17                                 0x08009a0e   Data         256  oled_i2c.o(.constdata)
    gImage18                                 0x08009b0e   Data         256  oled_i2c.o(.constdata)
    gImage19                                 0x08009c0e   Data         256  oled_i2c.o(.constdata)
    gImage20                                 0x08009d0e   Data         256  oled_i2c.o(.constdata)
    gImage21                                 0x08009e0e   Data         256  oled_i2c.o(.constdata)
    gImage22                                 0x08009f0e   Data         256  oled_i2c.o(.constdata)
    gImage23                                 0x0800a00e   Data         256  oled_i2c.o(.constdata)
    gImage24                                 0x0800a10e   Data         256  oled_i2c.o(.constdata)
    gImage25                                 0x0800a20e   Data         256  oled_i2c.o(.constdata)
    gImage26                                 0x0800a30e   Data         256  oled_i2c.o(.constdata)
    gImage27                                 0x0800a40e   Data         256  oled_i2c.o(.constdata)
    gImage28                                 0x0800a50e   Data         256  oled_i2c.o(.constdata)
    gImage29                                 0x0800a60e   Data         256  oled_i2c.o(.constdata)
    gImage30                                 0x0800a70e   Data         256  oled_i2c.o(.constdata)
    gImage31                                 0x0800a80e   Data         256  oled_i2c.o(.constdata)
    gImage32                                 0x0800a90e   Data         256  oled_i2c.o(.constdata)
    gImage33                                 0x0800aa0e   Data         256  oled_i2c.o(.constdata)
    gImage34                                 0x0800ab0e   Data         256  oled_i2c.o(.constdata)
    gImage35                                 0x0800ac0e   Data         256  oled_i2c.o(.constdata)
    gImage36                                 0x0800ad0e   Data         256  oled_i2c.o(.constdata)
    gImage37                                 0x0800ae0e   Data         256  oled_i2c.o(.constdata)
    gImage38                                 0x0800af0e   Data         256  oled_i2c.o(.constdata)
    gImage39                                 0x0800b00e   Data         256  oled_i2c.o(.constdata)
    gImage40                                 0x0800b10e   Data         256  oled_i2c.o(.constdata)
    gImage41                                 0x0800b20e   Data         256  oled_i2c.o(.constdata)
    gImage42                                 0x0800b30e   Data         256  oled_i2c.o(.constdata)
    gImage43                                 0x0800b40e   Data         256  oled_i2c.o(.constdata)
    gImage44                                 0x0800b50e   Data         256  oled_i2c.o(.constdata)
    gImage45                                 0x0800b60e   Data         256  oled_i2c.o(.constdata)
    gImage46                                 0x0800b70e   Data         256  oled_i2c.o(.constdata)
    gImage47                                 0x0800b80e   Data         256  oled_i2c.o(.constdata)
    gImage48                                 0x0800b90e   Data         256  oled_i2c.o(.constdata)
    gImage49                                 0x0800ba0e   Data         256  oled_i2c.o(.constdata)
    gImage50                                 0x0800bb0e   Data         256  oled_i2c.o(.constdata)
    gImage_aa                                0x0800bc0e   Data         486  oled_i2c.o(.constdata)
    Region$$Table$$Base                      0x0800becc   Number         0  anon$$obj.o(Region$$Table)
    Region$$Table$$Limit                     0x0800beec   Number         0  anon$$obj.o(Region$$Table)
    __ctype                                  0x0800bf15   Data           0  lc_ctype_c.o(locale$$data)
    cmd_rev_flag                             0x20000000   Data           1  main.o(.data)
    SystemCoreClock                          0x20000004   Data           4  system_stm32f10x.o(.data)
    AHBPrescTable                            0x20000008   Data          16  system_stm32f10x.o(.data)
    F16x16                                   0x20000018   Data        1120  oled_i2c.o(.data)
    BMP1                                     0x20000478   Data        1024  oled_i2c.o(.data)
    esp8266_cnt                              0x20000890   Data           2  esp8266.o(.data)
    esp8266_cntPre                           0x20000892   Data           2  esp8266.o(.data)
    i                                        0x20000894   Data           4  esp8266.o(.data)
    send_data                                0x20000898   Data          12  main.o(.bss)
    oled_buffer                              0x200008a4   Data          50  timer.o(.bss)
    esp8266_buf                              0x200008d6   Data         128  esp8266.o(.bss)
    __libspace_start                         0x20000958   Data          96  libspace.o(.bss)
    __temporary_stack_top$libspace           0x200009b8   Data           0  libspace.o(.bss)



==============================================================================

Memory Map of the image

  Image Entry point : 0x08000131

  Load Region LR_IROM1 (Base: 0x08000000, Size: 0x0000c8b0, Max: 0x00010000, ABSOLUTE, COMPRESSED[0x0000c500])

    Execution Region ER_IROM1 (Base: 0x08000000, Size: 0x0000c018, Max: 0x00010000, ABSOLUTE)

    Base Addr    Size         Type   Attr      Idx    E Section Name        Object

    0x08000000   0x00000130   Data   RO          433    RESET               startup_stm32f10x_hd.o
    0x08000130   0x00000008   Code   RO          905  * !!!main             c_w.l(__main.o)
    0x08000138   0x00000034   Code   RO         1284    !!!scatter          c_w.l(__scatter.o)
    0x0800016c   0x0000005a   Code   RO         1282    !!dczerorl2         c_w.l(__dczerorl2.o)
    0x080001c6   0x00000002   PAD
    0x080001c8   0x0000001c   Code   RO         1286    !!handler_zi        c_w.l(__scatter_zi.o)
    0x080001e4   0x00000000   Code   RO          882    .ARM.Collect$$_printf_percent$$00000000  c_w.l(_printf_percent.o)
    0x080001e4   0x00000006   Code   RO         1017    .ARM.Collect$$_printf_percent$$00000001  c_w.l(_printf_n.o)
    0x080001ea   0x00000006   Code   RO         1019    .ARM.Collect$$_printf_percent$$00000002  c_w.l(_printf_p.o)
    0x080001f0   0x00000006   Code   RO          881    .ARM.Collect$$_printf_percent$$00000003  c_w.l(_printf_f.o)
    0x080001f6   0x00000006   Code   RO         1023    .ARM.Collect$$_printf_percent$$00000004  c_w.l(_printf_e.o)
    0x080001fc   0x00000006   Code   RO         1024    .ARM.Collect$$_printf_percent$$00000005  c_w.l(_printf_g.o)
    0x08000202   0x00000006   Code   RO         1025    .ARM.Collect$$_printf_percent$$00000006  c_w.l(_printf_a.o)
    0x08000208   0x0000000a   Code   RO         1030    .ARM.Collect$$_printf_percent$$00000007  c_w.l(_printf_ll.o)
    0x08000212   0x00000006   Code   RO         1021    .ARM.Collect$$_printf_percent$$00000008  c_w.l(_printf_i.o)
    0x08000218   0x00000006   Code   RO          880    .ARM.Collect$$_printf_percent$$00000009  c_w.l(_printf_d.o)
    0x0800021e   0x00000006   Code   RO         1022    .ARM.Collect$$_printf_percent$$0000000A  c_w.l(_printf_u.o)
    0x08000224   0x00000006   Code   RO         1020    .ARM.Collect$$_printf_percent$$0000000B  c_w.l(_printf_o.o)
    0x0800022a   0x00000006   Code   RO         1018    .ARM.Collect$$_printf_percent$$0000000C  c_w.l(_printf_x.o)
    0x08000230   0x00000006   Code   RO         1027    .ARM.Collect$$_printf_percent$$0000000D  c_w.l(_printf_lli.o)
    0x08000236   0x00000006   Code   RO         1028    .ARM.Collect$$_printf_percent$$0000000E  c_w.l(_printf_lld.o)
    0x0800023c   0x00000006   Code   RO         1029    .ARM.Collect$$_printf_percent$$0000000F  c_w.l(_printf_llu.o)
    0x08000242   0x00000006   Code   RO         1034    .ARM.Collect$$_printf_percent$$00000010  c_w.l(_printf_llo.o)
    0x08000248   0x00000006   Code   RO         1035    .ARM.Collect$$_printf_percent$$00000011  c_w.l(_printf_llx.o)
    0x0800024e   0x0000000a   Code   RO         1031    .ARM.Collect$$_printf_percent$$00000012  c_w.l(_printf_l.o)
    0x08000258   0x00000006   Code   RO         1016    .ARM.Collect$$_printf_percent$$00000013  c_w.l(_printf_c.o)
    0x0800025e   0x00000006   Code   RO          879    .ARM.Collect$$_printf_percent$$00000014  c_w.l(_printf_s.o)
    0x08000264   0x00000006   Code   RO         1032    .ARM.Collect$$_printf_percent$$00000015  c_w.l(_printf_lc.o)
    0x0800026a   0x00000006   Code   RO         1033    .ARM.Collect$$_printf_percent$$00000016  c_w.l(_printf_ls.o)
    0x08000270   0x00000004   Code   RO         1026    .ARM.Collect$$_printf_percent$$00000017  c_w.l(_printf_percent_end.o)
    0x08000274   0x00000002   Code   RO         1221    .ARM.Collect$$libinit$$00000000  c_w.l(libinit.o)
    0x08000276   0x00000000   Code   RO         1043    .ARM.Collect$$libinit$$00000002  c_w.l(libinit2.o)
    0x08000276   0x00000000   Code   RO         1045    .ARM.Collect$$libinit$$00000004  c_w.l(libinit2.o)
    0x08000276   0x00000008   Code   RO         1046    .ARM.Collect$$libinit$$00000005  c_w.l(libinit2.o)
    0x0800027e   0x00000000   Code   RO         1048    .ARM.Collect$$libinit$$0000000A  c_w.l(libinit2.o)
    0x0800027e   0x00000000   Code   RO         1050    .ARM.Collect$$libinit$$0000000C  c_w.l(libinit2.o)
    0x0800027e   0x00000000   Code   RO         1052    .ARM.Collect$$libinit$$0000000E  c_w.l(libinit2.o)
    0x0800027e   0x00000006   Code   RO         1053    .ARM.Collect$$libinit$$0000000F  c_w.l(libinit2.o)
    0x08000284   0x00000000   Code   RO         1055    .ARM.Collect$$libinit$$00000011  c_w.l(libinit2.o)
    0x08000284   0x0000000c   Code   RO         1056    .ARM.Collect$$libinit$$00000012  c_w.l(libinit2.o)
    0x08000290   0x00000000   Code   RO         1057    .ARM.Collect$$libinit$$00000013  c_w.l(libinit2.o)
    0x08000290   0x00000000   Code   RO         1059    .ARM.Collect$$libinit$$00000015  c_w.l(libinit2.o)
    0x08000290   0x0000000a   Code   RO         1060    .ARM.Collect$$libinit$$00000016  c_w.l(libinit2.o)
    0x0800029a   0x00000000   Code   RO         1061    .ARM.Collect$$libinit$$00000017  c_w.l(libinit2.o)
    0x0800029a   0x00000000   Code   RO         1063    .ARM.Collect$$libinit$$00000019  c_w.l(libinit2.o)
    0x0800029a   0x00000000   Code   RO         1065    .ARM.Collect$$libinit$$0000001B  c_w.l(libinit2.o)
    0x0800029a   0x00000000   Code   RO         1067    .ARM.Collect$$libinit$$0000001D  c_w.l(libinit2.o)
    0x0800029a   0x00000000   Code   RO         1069    .ARM.Collect$$libinit$$0000001F  c_w.l(libinit2.o)
    0x0800029a   0x00000000   Code   RO         1071    .ARM.Collect$$libinit$$00000021  c_w.l(libinit2.o)
    0x0800029a   0x00000000   Code   RO         1073    .ARM.Collect$$libinit$$00000023  c_w.l(libinit2.o)
    0x0800029a   0x00000000   Code   RO         1075    .ARM.Collect$$libinit$$00000025  c_w.l(libinit2.o)
    0x0800029a   0x00000000   Code   RO         1079    .ARM.Collect$$libinit$$0000002C  c_w.l(libinit2.o)
    0x0800029a   0x00000000   Code   RO         1081    .ARM.Collect$$libinit$$0000002E  c_w.l(libinit2.o)
    0x0800029a   0x00000000   Code   RO         1083    .ARM.Collect$$libinit$$00000030  c_w.l(libinit2.o)
    0x0800029a   0x00000000   Code   RO         1085    .ARM.Collect$$libinit$$00000032  c_w.l(libinit2.o)
    0x0800029a   0x00000002   Code   RO         1086    .ARM.Collect$$libinit$$00000033  c_w.l(libinit2.o)
    0x0800029c   0x00000002   Code   RO         1279    .ARM.Collect$$libshutdown$$00000000  c_w.l(libshutdown.o)
    0x0800029e   0x00000000   Code   RO         1235    .ARM.Collect$$libshutdown$$00000002  c_w.l(libshutdown2.o)
    0x0800029e   0x00000000   Code   RO         1237    .ARM.Collect$$libshutdown$$00000004  c_w.l(libshutdown2.o)
    0x0800029e   0x00000000   Code   RO         1240    .ARM.Collect$$libshutdown$$00000007  c_w.l(libshutdown2.o)
    0x0800029e   0x00000000   Code   RO         1243    .ARM.Collect$$libshutdown$$0000000A  c_w.l(libshutdown2.o)
    0x0800029e   0x00000000   Code   RO         1245    .ARM.Collect$$libshutdown$$0000000C  c_w.l(libshutdown2.o)
    0x0800029e   0x00000000   Code   RO         1248    .ARM.Collect$$libshutdown$$0000000F  c_w.l(libshutdown2.o)
    0x0800029e   0x00000002   Code   RO         1249    .ARM.Collect$$libshutdown$$00000010  c_w.l(libshutdown2.o)
    0x080002a0   0x00000000   Code   RO          935    .ARM.Collect$$rtentry$$00000000  c_w.l(__rtentry.o)
    0x080002a0   0x00000000   Code   RO         1104    .ARM.Collect$$rtentry$$00000002  c_w.l(__rtentry2.o)
    0x080002a0   0x00000006   Code   RO         1116    .ARM.Collect$$rtentry$$00000004  c_w.l(__rtentry4.o)
    0x080002a6   0x00000000   Code   RO         1106    .ARM.Collect$$rtentry$$00000009  c_w.l(__rtentry2.o)
    0x080002a6   0x00000004   Code   RO         1107    .ARM.Collect$$rtentry$$0000000A  c_w.l(__rtentry2.o)
    0x080002aa   0x00000000   Code   RO         1109    .ARM.Collect$$rtentry$$0000000C  c_w.l(__rtentry2.o)
    0x080002aa   0x00000008   Code   RO         1110    .ARM.Collect$$rtentry$$0000000D  c_w.l(__rtentry2.o)
    0x080002b2   0x00000002   Code   RO         1224    .ARM.Collect$$rtexit$$00000000  c_w.l(rtexit.o)
    0x080002b4   0x00000000   Code   RO         1253    .ARM.Collect$$rtexit$$00000002  c_w.l(rtexit2.o)
    0x080002b4   0x00000004   Code   RO         1254    .ARM.Collect$$rtexit$$00000003  c_w.l(rtexit2.o)
    0x080002b8   0x00000006   Code   RO         1255    .ARM.Collect$$rtexit$$00000004  c_w.l(rtexit2.o)
    0x080002be   0x00000002   PAD
    0x080002c0   0x00000000   Code   RO         1127    .emb_text           c_w.l(maybetermalloc1.o)
    0x080002c0   0x0000011c   Code   RO            1    .text               main.o
    0x080003dc   0x0000001a   Code   RO          173    .text               stm32f10x_it.o
    0x080003f6   0x00000002   PAD
    0x080003f8   0x000001e0   Code   RO          188    .text               system_stm32f10x.o
    0x080005d8   0x0000013c   Code   RO          206    .text               led.o
    0x08000714   0x00000f58   Code   RO          248    .text               oled_i2c.o
    0x0800166c   0x00000198   Code   RO          265    .text               dht11.o
    0x08001804   0x00000250   Code   RO          277    .text               timer.o
    0x08001a54   0x0000003c   Code   RO          292    .text               key.o
    0x08001a90   0x0000010c   Code   RO          326    .text               adc.o
    0x08001b9c   0x000000b8   Code   RO          338    .text               exti.o
    0x08001c54   0x000002a4   Code   RO          353    .text               bh1750.o
    0x08001ef8   0x000000d4   Code   RO          368    .text               delay.o
    0x08001fcc   0x000002b4   Code   RO          399    .text               usart.o
    0x08002280   0x00000040   Code   RO          434    .text               startup_stm32f10x_hd.o
    0x080022c0   0x0000035c   Code   RO          438    .text               stm32f10x_gpio.o
    0x0800261c   0x000003a4   Code   RO          450    .text               stm32f10x_rcc.o
    0x080029c0   0x00000408   Code   RO          464    .text               stm32f10x_usart.o
    0x08002dc8   0x000000dc   Code   RO          476    .text               misc.o
    0x08002ea4   0x00000404   Code   RO          488    .text               stm32f10x_i2c.o
    0x080032a8   0x0000044e   Code   RO          500    .text               stm32f10x_adc.o
    0x080036f6   0x00000002   PAD
    0x080036f8   0x0000011c   Code   RO          596    .text               stm32f10x_exti.o
    0x08003814   0x00000e1a   Code   RO          692    .text               stm32f10x_tim.o
    0x0800462e   0x00000002   PAD
    0x08004630   0x000003b0   Code   RO          716    .text               esp8266.o
    0x080049e0   0x00000dfc   Code   RO          739    .text               mqttkit.o
    0x080057dc   0x000005c8   Code   RO          767    .text               onenet.o
    0x08005da4   0x0000005e   Code   RO          789    .text               c_w.l(h1_alloc.o)
    0x08005e02   0x0000004e   Code   RO          791    .text               c_w.l(h1_free.o)
    0x08005e50   0x00000034   Code   RO          847    .text               c_w.l(c89vsnprintf.o)
    0x08005e84   0x0000002c   Code   RO          849    .text               c_w.l(__2sprintf.o)
    0x08005eb0   0x00000052   Code   RO          855    .text               c_w.l(_printf_str.o)
    0x08005f02   0x00000002   PAD
    0x08005f04   0x00000078   Code   RO          857    .text               c_w.l(_printf_dec.o)
    0x08005f7c   0x00000188   Code   RO          876    .text               c_w.l(__printf_flags_ss_wp.o)
    0x08006104   0x0000001a   Code   RO          883    .text               c_w.l(atoi.o)
    0x0800611e   0x00000014   Code   RO          885    .text               c_w.l(strchr.o)
    0x08006132   0x00000024   Code   RO          887    .text               c_w.l(strncat.o)
    0x08006156   0x00000024   Code   RO          889    .text               c_w.l(strstr.o)
    0x0800617a   0x00000048   Code   RO          891    .text               c_w.l(strcpy.o)
    0x080061c2   0x0000003e   Code   RO          893    .text               c_w.l(strlen.o)
    0x08006200   0x00000018   Code   RO          895    .text               c_w.l(strcat.o)
    0x08006218   0x0000008a   Code   RO          897    .text               c_w.l(rt_memcpy_v6.o)
    0x080062a2   0x00000044   Code   RO          899    .text               c_w.l(rt_memclr.o)
    0x080062e6   0x0000004e   Code   RO          901    .text               c_w.l(rt_memclr_w.o)
    0x08006334   0x00000006   Code   RO          903    .text               c_w.l(heapauxi.o)
    0x0800633a   0x00000002   PAD
    0x0800633c   0x00000008   Code   RO          939    .text               c_w.l(rt_heap_descriptor_intlibspace.o)
    0x08006344   0x00000008   Code   RO          944    .text               c_w.l(rt_errno_addr_intlibspace.o)
    0x0800634c   0x00000004   Code   RO          946    .text               c_w.l(hguard.o)
    0x08006350   0x0000008a   Code   RO          948    .text               c_w.l(init_alloc.o)
    0x080063da   0x0000000e   Code   RO          952    .text               c_w.l(h1_init.o)
    0x080063e8   0x0000004e   Code   RO          966    .text               c_w.l(_printf_pad.o)
    0x08006436   0x00000024   Code   RO          968    .text               c_w.l(_printf_truncate.o)
    0x0800645a   0x000000b2   Code   RO          970    .text               c_w.l(_printf_intcommon.o)
    0x0800650c   0x00000028   Code   RO          972    .text               c_w.l(_printf_charcount.o)
    0x08006534   0x0000041a   Code   RO          974    .text               c_w.l(_printf_fp_dec.o)
    0x0800694e   0x00000002   PAD
    0x08006950   0x00000030   Code   RO          976    .text               c_w.l(_printf_char_common.o)
    0x08006980   0x0000000a   Code   RO          978    .text               c_w.l(_sputc.o)
    0x0800698a   0x00000010   Code   RO          980    .text               c_w.l(_snputc.o)
    0x0800699a   0x0000002c   Code   RO          982    .text               c_w.l(_printf_char.o)
    0x080069c6   0x00000002   PAD
    0x080069c8   0x000000bc   Code   RO          984    .text               c_w.l(_printf_wctomb.o)
    0x08006a84   0x0000007c   Code   RO          987    .text               c_w.l(_printf_longlong_dec.o)
    0x08006b00   0x00000070   Code   RO          993    .text               c_w.l(_printf_oct_int_ll.o)
    0x08006b70   0x00000094   Code   RO         1013    .text               c_w.l(_printf_hex_int_ll_ptr.o)
    0x08006c04   0x00000070   Code   RO         1036    .text               c_w.l(strtol.o)
    0x08006c74   0x00000064   Code   RO         1038    .text               c_w.l(rt_memcpy_w.o)
    0x08006cd8   0x00000008   Code   RO         1100    .text               c_w.l(libspace.o)
    0x08006ce0   0x00000010   Code   RO         1118    .text               c_w.l(rt_ctype_table.o)
    0x08006cf0   0x00000008   Code   RO         1123    .text               c_w.l(rt_locale_intlibspace.o)
    0x08006cf8   0x00000034   Code   RO         1129    .text               c_w.l(h1_extend.o)
    0x08006d2c   0x0000008a   Code   RO         1133    .text               c_w.l(lludiv10.o)
    0x08006db6   0x00000002   PAD
    0x08006db8   0x00000080   Code   RO         1135    .text               c_w.l(_printf_fp_infnan.o)
    0x08006e38   0x0000002c   Code   RO         1139    .text               c_w.l(_printf_wchar.o)
    0x08006e64   0x0000009e   Code   RO         1141    .text               c_w.l(_strtoul.o)
    0x08006f02   0x00000002   PAD
    0x08006f04   0x000000dc   Code   RO         1143    .text               c_w.l(bigflt0.o)
    0x08006fe0   0x00000040   Code   RO         1168    .text               c_w.l(_wcrtomb.o)
    0x08007020   0x0000000e   Code   RO         1173    .text               c_w.l(defsig_rtmem_outer.o)
    0x0800702e   0x00000002   Code   RO         1190    .text               c_w.l(use_no_semi.o)
    0x08007030   0x00000000   Code   RO         1192    .text               c_w.l(indicate_semi.o)
    0x08007030   0x0000004a   Code   RO         1193    .text               c_w.l(sys_stackheap_outer.o)
    0x0800707a   0x0000001c   Code   RO         1199    .text               c_w.l(_chval.o)
    0x08007096   0x00000012   Code   RO         1204    .text               c_w.l(exit.o)
    0x080070a8   0x0000000a   Code   RO         1206    .text               c_w.l(defsig_exit.o)
    0x080070b2   0x00000002   PAD
    0x080070b4   0x00000050   Code   RO         1208    .text               c_w.l(defsig_rtmem_inner.o)
    0x08007104   0x00000080   Code   RO         1210    .text               c_w.l(strcmpv7m.o)
    0x08007184   0x0000000c   Code   RO         1222    .text               c_w.l(sys_exit.o)
    0x08007190   0x00000032   Code   RO         1232    .text               c_w.l(defsig_general.o)
    0x080071c2   0x0000000e   Code   RO         1250    .text               c_w.l(sys_wrch.o)
    0x080071d0   0x0000003e   Code   RO         1146    CL$$btod_d2e        c_w.l(btod.o)
    0x0800720e   0x00000046   Code   RO         1148    CL$$btod_d2e_denorm_low  c_w.l(btod.o)
    0x08007254   0x00000060   Code   RO         1147    CL$$btod_d2e_norm_op1  c_w.l(btod.o)
    0x080072b4   0x00000338   Code   RO         1156    CL$$btod_div_common  c_w.l(btod.o)
    0x080075ec   0x000000c6   Code   RO         1153    CL$$btod_e2e        c_w.l(btod.o)
    0x080076b2   0x00000028   Code   RO         1150    CL$$btod_ediv       c_w.l(btod.o)
    0x080076da   0x00000028   Code   RO         1149    CL$$btod_emul       c_w.l(btod.o)
    0x08007702   0x00000244   Code   RO         1155    CL$$btod_mult_common  c_w.l(btod.o)
    0x08007946   0x00000028   Code   RO         1188    i.__ARM_fpclassify  m_ws.l(fpclassify.o)
    0x0800796e   0x0000000e   Code   RO          869    i._is_digit         c_w.l(__printf_wp.o)
    0x0800797c   0x0000002c   Code   RO         1171    locale$$code        c_w.l(lc_numeric_c.o)
    0x080079a8   0x0000002c   Code   RO         1202    locale$$code        c_w.l(lc_ctype_c.o)
    0x080079d4   0x00000062   Code   RO          907    x$fpl$d2f           fz_ws.l(d2f.o)
    0x08007a36   0x00000002   PAD
    0x08007a38   0x00000154   Code   RO          909    x$fpl$dmul          fz_ws.l(dmul.o)
    0x08007b8c   0x0000009c   Code   RO         1087    x$fpl$dnaninf       fz_ws.l(dnaninf.o)
    0x08007c28   0x0000000c   Code   RO         1089    x$fpl$dretinf       fz_ws.l(dretinf.o)
    0x08007c34   0x00000056   Code   RO          911    x$fpl$f2d           fz_ws.l(f2d.o)
    0x08007c8a   0x00000018   Code   RO         1182    x$fpl$fcmpinf       fz_ws.l(fcmpi.o)
    0x08007ca2   0x00000002   PAD
    0x08007ca4   0x00000184   Code   RO          914    x$fpl$fdiv          fz_ws.l(fdiv.o)
    0x08007e28   0x0000003e   Code   RO          917    x$fpl$ffixu         fz_ws.l(ffixu.o)
    0x08007e66   0x00000002   PAD
    0x08007e68   0x00000026   Code   RO          921    x$fpl$ffltu         fz_ws.l(fflt_clz.o)
    0x08007e8e   0x00000002   PAD
    0x08007e90   0x00000068   Code   RO         1091    x$fpl$fleqf         fz_ws.l(fleqf.o)
    0x08007ef8   0x00000102   Code   RO          927    x$fpl$fmul          fz_ws.l(fmul.o)
    0x08007ffa   0x0000008c   Code   RO         1093    x$fpl$fnaninf       fz_ws.l(fnaninf.o)
    0x08008086   0x0000000a   Code   RO         1095    x$fpl$fretinf       fz_ws.l(fretinf.o)
    0x08008090   0x00000062   Code   RO          929    x$fpl$frleqf        fz_ws.l(frleqf.o)
    0x080080f2   0x00000004   Code   RO          931    x$fpl$printf1       fz_ws.l(printf1.o)
    0x080080f6   0x00000000   Code   RO         1097    x$fpl$usenofp       fz_ws.l(usenofp.o)
    0x080080f6   0x00003cfe   Data   RO          249    .constdata          oled_i2c.o
    0x0800bdf4   0x00000011   Data   RO          877    .constdata          c_w.l(__printf_flags_ss_wp.o)
    0x0800be05   0x00000003   PAD
    0x0800be08   0x00000008   Data   RO          985    .constdata          c_w.l(_printf_wctomb.o)
    0x0800be10   0x00000028   Data   RO         1014    .constdata          c_w.l(_printf_hex_int_ll_ptr.o)
    0x0800be38   0x00000094   Data   RO         1144    .constdata          c_w.l(bigflt0.o)
    0x0800becc   0x00000020   Data   RO         1280    Region$$Table       anon$$obj.o
    0x0800beec   0x0000001c   Data   RO         1170    locale$$data        c_w.l(lc_numeric_c.o)
    0x0800bf08   0x00000110   Data   RO         1201    locale$$data        c_w.l(lc_ctype_c.o)


    Execution Region RW_IRAM1 (Base: 0x20000000, Size: 0x00000fb8, Max: 0x00005000, ABSOLUTE, COMPRESSED[0x000004e8])

    Base Addr    Size         Type   Attr      Idx    E Section Name        Object

    0x20000000   0x00000001   Data   RW            3    .data               main.o
    0x20000001   0x00000003   PAD
    0x20000004   0x00000014   Data   RW          189    .data               system_stm32f10x.o
    0x20000018   0x00000860   Data   RW          250    .data               oled_i2c.o
    0x20000878   0x00000004   Data   RW          369    .data               delay.o
    0x2000087c   0x00000014   Data   RW          451    .data               stm32f10x_rcc.o
    0x20000890   0x00000008   Data   RW          718    .data               esp8266.o
    0x20000898   0x0000000c   Zero   RW            2    .bss                main.o
    0x200008a4   0x00000032   Zero   RW          278    .bss                timer.o
    0x200008d6   0x00000080   Zero   RW          717    .bss                esp8266.o
    0x20000956   0x00000002   PAD
    0x20000958   0x00000060   Zero   RW         1101    .bss                c_w.l(libspace.o)
    0x200009b8   0x00000200   Zero   RW          432    HEAP                startup_stm32f10x_hd.o
    0x20000bb8   0x00000400   Zero   RW          431    STACK               startup_stm32f10x_hd.o


==============================================================================

Image component sizes


      Code (inc. data)   RO Data    RW Data    ZI Data      Debug   Object Name

       268         14          0          0          0       1099   adc.o
       676         10          0          0          0       3168   bh1750.o
       212         18          0          4          0       1003   delay.o
       408         12          0          0          0       2102   dht11.o
       944        198          0          8        128       3241   esp8266.o
       184          0          0          0          0        974   exti.o
        60          4          0          0          0        475   key.o
       316         18          0          0          0     215717   led.o
       284         18          0          1         12      57923   main.o
       220         22          0          0          0       1761   misc.o
      3580         42          0          0          0      15123   mqttkit.o
      3928        352      15614       2144          0       9944   oled_i2c.o
      1480        510          0          0          0       3474   onenet.o
        64         26        304          0       1536        776   startup_stm32f10x_hd.o
      1102         26          0          0          0      11001   stm32f10x_adc.o
       284         10          0          0          0       2215   stm32f10x_exti.o
       860         38          0          0          0       5693   stm32f10x_gpio.o
      1028         16          0          0          0       9183   stm32f10x_i2c.o
        26          0          0          0          0       1158   stm32f10x_it.o
       932         36          0         20          0       8848   stm32f10x_rcc.o
      3610         88          0          0          0      22800   stm32f10x_tim.o
      1032         22          0          0          0       8416   stm32f10x_usart.o
         0          0          0          0          0         32   sys.o
       480         38          0         20          0       1679   system_stm32f10x.o
       592        122          0          0         50       2081   timer.o
       692         20          0          0          0       3451   usart.o

    ----------------------------------------------------------------------
     23268       1660      15950       2200       1728     393337   Object Totals
         0          0         32          0          0          0   (incl. Generated)
         6          0          0          3          2          0   (incl. Padding)

    ----------------------------------------------------------------------

      Code (inc. data)   RO Data    RW Data    ZI Data      Debug   Library Member Name

        44          6          0          0          0         84   __2sprintf.o
        90          0          0          0          0          0   __dczerorl2.o
         8          0          0          0          0         68   __main.o
       392          4         17          0          0         92   __printf_flags_ss_wp.o
        14          0          0          0          0         68   __printf_wp.o
         0          0          0          0          0          0   __rtentry.o
        12          0          0          0          0          0   __rtentry2.o
         6          0          0          0          0          0   __rtentry4.o
        52          8          0          0          0          0   __scatter.o
        28          0          0          0          0          0   __scatter_zi.o
        28          0          0          0          0         68   _chval.o
         6          0          0          0          0          0   _printf_a.o
         6          0          0          0          0          0   _printf_c.o
        44          0          0          0          0        108   _printf_char.o
        48          6          0          0          0         96   _printf_char_common.o
        40          0          0          0          0         68   _printf_charcount.o
         6          0          0          0          0          0   _printf_d.o
       120         16          0          0          0         92   _printf_dec.o
         6          0          0          0          0          0   _printf_e.o
         6          0          0          0          0          0   _printf_f.o
      1050          0          0          0          0        216   _printf_fp_dec.o
       128         16          0          0          0         84   _printf_fp_infnan.o
         6          0          0          0          0          0   _printf_g.o
       148          4         40          0          0        160   _printf_hex_int_ll_ptr.o
         6          0          0          0          0          0   _printf_i.o
       178          0          0          0          0         88   _printf_intcommon.o
        10          0          0          0          0          0   _printf_l.o
         6          0          0          0          0          0   _printf_lc.o
        10          0          0          0          0          0   _printf_ll.o
         6          0          0          0          0          0   _printf_lld.o
         6          0          0          0          0          0   _printf_lli.o
         6          0          0          0          0          0   _printf_llo.o
         6          0          0          0          0          0   _printf_llu.o
         6          0          0          0          0          0   _printf_llx.o
       124         16          0          0          0         92   _printf_longlong_dec.o
         6          0          0          0          0          0   _printf_ls.o
         6          0          0          0          0          0   _printf_n.o
         6          0          0          0          0          0   _printf_o.o
       112         10          0          0          0        124   _printf_oct_int_ll.o
         6          0          0          0          0          0   _printf_p.o
        78          0          0          0          0        108   _printf_pad.o
         0          0          0          0          0          0   _printf_percent.o
         4          0          0          0          0          0   _printf_percent_end.o
         6          0          0          0          0          0   _printf_s.o
        82          0          0          0          0         80   _printf_str.o
        36          0          0          0          0         84   _printf_truncate.o
         6          0          0          0          0          0   _printf_u.o
        44          0          0          0          0        108   _printf_wchar.o
       188          6          8          0          0         92   _printf_wctomb.o
         6          0          0          0          0          0   _printf_x.o
        16          0          0          0          0         68   _snputc.o
        10          0          0          0          0         68   _sputc.o
       158          0          0          0          0         92   _strtoul.o
        64          0          0          0          0         92   _wcrtomb.o
        26          0          0          0          0         80   atoi.o
       220          4        148          0          0         96   bigflt0.o
      1910        128          0          0          0        672   btod.o
        52          4          0          0          0         80   c89vsnprintf.o
        10          0          0          0          0         68   defsig_exit.o
        50          0          0          0          0         88   defsig_general.o
        80         58          0          0          0         76   defsig_rtmem_inner.o
        14          0          0          0          0         80   defsig_rtmem_outer.o
        18          0          0          0          0         80   exit.o
        94          0          0          0          0         80   h1_alloc.o
        52          0          0          0          0         68   h1_extend.o
        78          0          0          0          0         80   h1_free.o
        14          0          0          0          0         84   h1_init.o
         6          0          0          0          0        152   heapauxi.o
         4          0          0          0          0        136   hguard.o
         0          0          0          0          0          0   indicate_semi.o
       138          0          0          0          0        168   init_alloc.o
        44         10        272          0          0         76   lc_ctype_c.o
        44         10         28          0          0         76   lc_numeric_c.o
         2          0          0          0          0          0   libinit.o
        38          0          0          0          0          0   libinit2.o
         2          0          0          0          0          0   libshutdown.o
         2          0          0          0          0          0   libshutdown2.o
         8          4          0          0         96         68   libspace.o
       138          0          0          0          0         80   lludiv10.o
         0          0          0          0          0          0   maybetermalloc1.o
        16          4          0          0          0         76   rt_ctype_table.o
         8          4          0          0          0         68   rt_errno_addr_intlibspace.o
         8          4          0          0          0         68   rt_heap_descriptor_intlibspace.o
         8          4          0          0          0         68   rt_locale_intlibspace.o
        68          0          0          0          0         68   rt_memclr.o
        78          0          0          0          0         80   rt_memclr_w.o
       138          0          0          0          0         68   rt_memcpy_v6.o
       100          0          0          0          0         80   rt_memcpy_w.o
         2          0          0          0          0          0   rtexit.o
        10          0          0          0          0          0   rtexit2.o
        24          0          0          0          0         68   strcat.o
        20          0          0          0          0         68   strchr.o
       128          0          0          0          0         68   strcmpv7m.o
        72          0          0          0          0         80   strcpy.o
        62          0          0          0          0         76   strlen.o
        36          0          0          0          0         76   strncat.o
        36          0          0          0          0         80   strstr.o
       112          0          0          0          0         88   strtol.o
        12          4          0          0          0         68   sys_exit.o
        74          0          0          0          0         80   sys_stackheap_outer.o
        14          0          0          0          0         76   sys_wrch.o
         2          0          0          0          0         68   use_no_semi.o
        98          4          0          0          0         92   d2f.o
       340         12          0          0          0        104   dmul.o
       156          4          0          0          0         92   dnaninf.o
        12          0          0          0          0         68   dretinf.o
        86          4          0          0          0         84   f2d.o
        24          0          0          0          0         68   fcmpi.o
       388         76          0          0          0         96   fdiv.o
        62          4          0          0          0         84   ffixu.o
        38          0          0          0          0         68   fflt_clz.o
       104          4          0          0          0         84   fleqf.o
       258          4          0          0          0         84   fmul.o
       140          4          0          0          0         84   fnaninf.o
        10          0          0          0          0         68   fretinf.o
        98          0          0          0          0         68   frleqf.o
         4          0          0          0          0         68   printf1.o
         0          0          0          0          0          0   usenofp.o
        40          0          0          0          0         68   fpclassify.o

    ----------------------------------------------------------------------
      9442        446        516          0         96       7440   Library Totals
        26          0          3          0          0          0   (incl. Padding)

    ----------------------------------------------------------------------

      Code (inc. data)   RO Data    RW Data    ZI Data      Debug   Library Name

      7558        330        513          0         96       6160   c_w.l
      1818        116          0          0          0       1212   fz_ws.l
        40          0          0          0          0         68   m_ws.l

    ----------------------------------------------------------------------
      9442        446        516          0         96       7440   Library Totals

    ----------------------------------------------------------------------

==============================================================================


      Code (inc. data)   RO Data    RW Data    ZI Data      Debug   

     32710       2106      16466       2200       1824     394273   Grand Totals
     32710       2106      16466       1256       1824     394273   ELF Image Totals (compressed)
     32710       2106      16466       1256          0          0   ROM Totals

==============================================================================

    Total RO  Size (Code + RO Data)                49176 (  48.02kB)
    Total RW  Size (RW Data + ZI Data)              4024 (   3.93kB)
    Total ROM Size (Code + RO Data + RW Data)      50432 (  49.25kB)

==============================================================================

